Microchip MPLAB XC8 Compiler V2.46

Linker command line:

-W-3 \
  --edf=C:\Program Files\Microchip\xc8\v2.46\pic\dat\20240104201356_en.msgs \
  -cn -h+dist/default/production\SmartHome.X.production.sym \
  --cmf=dist/default/production\SmartHome.X.production.cmf -z -Q18F46K20 \
  -oC:\Users\MOHAME~1\AppData\Local\Temp\xcBs2e8.1\driver_tmp_3.o \
  --defsym=__MPLAB_BUILD=1 --fixupoverflow=error \
  -Mdist/default/production/SmartHome.X.production.map \
  --md=C:\Users\MOHAME~1\AppData\Local\Temp\xcBs2e8.1\driver_tmp_0.dat -E1 \
  -ver=XC8 Compiler --acfsm=1493 -ACODE=00h-0FFFFh -ACONST=00h-0FFFFh \
  -ASMALLCONST=01000h-010FFhx240 -AMEDIUMCONST=01000h-0FFFFh \
  -ACOMRAM=01h-05Fh -AABS1=00h-0F5Fh -ABIGRAM=01h-0F5Fh \
  -ARAM=060h-0FFh,0100h-01FFhx14,0F00h-0F5Fh -ABANK0=060h-0FFh \
  -ABANK1=0100h-01FFh -ABANK2=0200h-02FFh -ABANK3=0300h-03FFh \
  -ABANK4=0400h-04FFh -ABANK5=0500h-05FFh -ABANK6=0600h-06FFh \
  -ABANK7=0700h-07FFh -ABANK8=0800h-08FFh -ABANK9=0900h-09FFh \
  -ABANK10=0A00h-0AFFh -ABANK11=0B00h-0BFFh -ABANK12=0C00h-0CFFh \
  -ABANK13=0D00h-0DFFh -ABANK14=0E00h-0EFFh -ABANK15=0F00h-0F5Fh \
  -ASFR=0F60h-0FFFh -ABIGSFR=0F60h-0FFFh -ACONFIG=0300000h-030000Dh \
  -AIDLOC=0200000h-0200007h -AEEDATA=0F00000h-0F003FFh -peeprom_data=EEDATA \
  -preset_vec=00h,intcode=8h,intcodelo=18h,powerup,init -pramtop=01000h \
  -psmallconst=SMALLCONST -pmediumconst=MEDIUMCONST -pconst=CONST \
  -AFARRAM=00h-00h \
  -prdata=COMRAM,nvrram=COMRAM,nvbit=COMRAM,rbss=COMRAM,rbit=COMRAM \
  -pfarbss=FARRAM,fardata=FARRAM,nvFARRAM=FARRAM \
  -pintsave_regs=BIGRAM,bigbss=BIGRAM,bigdata=BIGRAM -pbss=RAM \
  -pidata=CODE,irdata=CODE,ibigdata=CODE,ifardata=CODE -prparam=COMRAM \
  C:\Users\MOHAME~1\AppData\Local\Temp\xcBs2e8.1\driver_tmp_14.o \
  dist/default/production\SmartHome.X.production.o 

Object code version is 3.11

Machine type is 18F46K20



                Name                               Link     Load   Length Selector   Space Scale
C:\Users\MOHAME~1\AppData\Local\Temp\xcBs2e8.1\driver_tmp_14.o
                config                           300000   300000        E        0       4
                init                                 56       56        4        C       0
                reset_vec                             0        0        4        0       0
dist/default/production\SmartHome.X.production.o
                intcodelo                            18       18       3E        C       0
                intcode                               8        8        6        4       0
                config                           300000   300000        E        0       4
                temp                                 5B       5B        1        1       1
                mediumconst                        FD54     FD54      2AC     7EAA       0
                text62                             361A     361A        E     1AD9       0
                intcode_body                       356E     356E       24        C       0
                text60                             360C     360C        E     1AD9       0
                text58                              AA6      AA6      4C0        C       0
                text57                             1390     1390      39A        C       0
                text56                             26AE     26AE      106        C       0
                text55                             2054     2054      1B4        C       0
                text54                             2C32     2C32       96        C       0
                text53                             35B2     35B2       1A     1AD9       0
                text52                             3662     3662        6     1B31       0
                text51                             236A     236A      122        C       0
                text50                             35E2     35E2       16     1AD9       0
                text49                             3650     3650        A     1AD9       0
                text48                             3646     3646        A     1AD9       0
                text47                             363C     363C        A     1AD9       0
                text46                             3346     3346       40        C       0
                text45                             35F8     35F8       14     1AD9       0
                text44                             3632     3632        A     1AD9       0
                text43                             3468     3468       30        C       0
                text42                             35CC     35CC       16     1AD9       0
                text41                             259E     259E      110        C       0
                text40                             31F6     31F6       4C        C       0
                text39                             351E     351E       2A        C       0
                text38                             3198     3198       5E        C       0
                text37                             248C     248C      112        C       0
                text36                             27B4     27B4       E0        C       0
                text35                             33C2     33C2       3A        C       0
                text34                             34F4     34F4       2A        C       0
                text33                             3306     3306       40        C       0
                text32                             32C6     32C6       40        C       0
                text31                             300E     300E       68        C       0
                text30                             2D56     2D56       8C        C       0
                text29                              F66      F66      42A        C       0
                text28                             2E5A     2E5A       74        C       0
                text27                             313A     313A       5E        C       0
                text26                             2DE2     2DE2       78        C       0
                text25                             2B94     2B94       9E        C       0
                text24                             33FC     33FC       38        C       0
                text23                             2966     2966       C4        C       0
                text22                             2AE4     2AE4       B0        C       0
                text21                             3434     3434       34        C       0
                text20                             3668     3668        2     1B31       0
                text19                             2A2A     2A2A       BA        C       0
                text18                             1CA4     1CA4      1EA        C       0
                text17                             3242     3242       44        C       0
                text16                             3286     3286       40        C       0
                text15                             30DC     30DC       5E        C       0
                text14                             172A     172A      358        C       0
                text13                             2ECE     2ECE       6C        C       0
                text12                             3386     3386       3C        C       0
                text11                             2208     2208      162        C       0
                text10                             1E8E     1E8E      1C6        C       0
                text9                              3076     3076       66        C       0
                text8                              2FA4     2FA4       6A        C       0
                text7                              2F3A     2F3A       6A        C       0
                text6                              3548     3548       26        C       0
                text5                              34C6     34C6       2E        C       0
                text4                              3498     3498       2E        C       0
                text3                              2894     2894       D2        C       0
                text2                                5A       5A      532        C       0
                text1                               58C      58C      51A        C       0
                text0                              1A82     1A82      222        C       0
                cstackCOMRAM                          1        1       49        1       1
                cstackBANK1                         135      135        5      100       1
                dataBANK1                           125      125        A      100       1
                bssBANK1                            100      100       25      100       1
                dataBANK0                            E1       E1       1F       60       1
                bssBANK0                             60       60       81       60       1
                dataCOMRAM                           54       54        7        1       1
                bssCOMRAM                            4A       4A        A        1       1
                cinit                              2CC8     2CC8       8E        C       0
                nvBANK1                             12F      12F        6      100       1
                idataBANK1                         3628     3628        A     1AD9       0
                idataBANK0                         3592     3592       1F        C       0
                idataCOMRAM                        365A     365A        7     1AD9       0

TOTAL           Name                               Link     Load   Length     Space
        CLASS   CODE           
                intcodelo                            18       18       3E         0
                intcode                               8        8        6         0
                init                                 56       56        4         0
                reset_vec                             0        0        4         0
                text62                             361A     361A        E         0
                intcode_body                       356E     356E       24         0
                text60                             360C     360C        E         0
                text58                              AA6      AA6      4C0         0
                text57                             1390     1390      39A         0
                text56                             26AE     26AE      106         0
                text55                             2054     2054      1B4         0
                text54                             2C32     2C32       96         0
                text53                             35B2     35B2       1A         0
                text52                             3662     3662        6         0
                text51                             236A     236A      122         0
                text50                             35E2     35E2       16         0
                text49                             3650     3650        A         0
                text48                             3646     3646        A         0
                text47                             363C     363C        A         0
                text46                             3346     3346       40         0
                text45                             35F8     35F8       14         0
                text44                             3632     3632        A         0
                text43                             3468     3468       30         0
                text42                             35CC     35CC       16         0
                text41                             259E     259E      110         0
                text40                             31F6     31F6       4C         0
                text39                             351E     351E       2A         0
                text38                             3198     3198       5E         0
                text37                             248C     248C      112         0
                text36                             27B4     27B4       E0         0
                text35                             33C2     33C2       3A         0
                text34                             34F4     34F4       2A         0
                text33                             3306     3306       40         0
                text32                             32C6     32C6       40         0
                text31                             300E     300E       68         0
                text30                             2D56     2D56       8C         0
                text29                              F66      F66      42A         0
                text28                             2E5A     2E5A       74         0
                text27                             313A     313A       5E         0
                text26                             2DE2     2DE2       78         0
                text25                             2B94     2B94       9E         0
                text24                             33FC     33FC       38         0
                text23                             2966     2966       C4         0
                text22                             2AE4     2AE4       B0         0
                text21                             3434     3434       34         0
                text20                             3668     3668        2         0
                text19                             2A2A     2A2A       BA         0
                text18                             1CA4     1CA4      1EA         0
                text17                             3242     3242       44         0
                text16                             3286     3286       40         0
                text15                             30DC     30DC       5E         0
                text14                             172A     172A      358         0
                text13                             2ECE     2ECE       6C         0
                text12                             3386     3386       3C         0
                text11                             2208     2208      162         0
                text10                             1E8E     1E8E      1C6         0
                text9                              3076     3076       66         0
                text8                              2FA4     2FA4       6A         0
                text7                              2F3A     2F3A       6A         0
                text6                              3548     3548       26         0
                text5                              34C6     34C6       2E         0
                text4                              3498     3498       2E         0
                text3                              2894     2894       D2         0
                text2                                5A       5A      532         0
                text1                               58C      58C      51A         0
                text0                              1A82     1A82      222         0
                cinit                              2CC8     2CC8       8E         0
                idataBANK1                         3628     3628        A         0
                idataBANK0                         3592     3592       1F         0
                idataCOMRAM                        365A     365A        7         0

        CLASS   CONST          

        CLASS   SMALLCONST     

        CLASS   MEDIUMCONST    
                mediumconst                        FD54     FD54      2AC         0

        CLASS   COMRAM         
                temp                                 5B       5B        1         1
                cstackCOMRAM                          1        1       49         1
                dataCOMRAM                           54       54        7         1
                bssCOMRAM                            4A       4A        A         1

        CLASS   ABS1           

        CLASS   BIGRAM         

        CLASS   RAM            

        CLASS   BANK0          
                dataBANK0                            E1       E1       1F         1
                bssBANK0                             60       60       81         1

        CLASS   BANK1          
                cstackBANK1                         135      135        5         1
                dataBANK1                           125      125        A         1
                bssBANK1                            100      100       25         1
                nvBANK1                             12F      12F        6         1

        CLASS   BANK2          

        CLASS   BANK3          

        CLASS   BANK4          

        CLASS   BANK5          

        CLASS   BANK6          

        CLASS   BANK7          

        CLASS   BANK8          

        CLASS   BANK9          

        CLASS   BANK10         

        CLASS   BANK11         

        CLASS   BANK12         

        CLASS   BANK13         

        CLASS   BANK14         

        CLASS   BANK15         

        CLASS   SFR            

        CLASS   BIGSFR         

        CLASS   CONFIG         
                config                           300000   300000        E         4

        CLASS   IDLOC          

        CLASS   EEDATA         

        CLASS   FARRAM         

        CLASS   HEAP           

        CLASS   STACK          



SEGMENTS        Name                           Load    Length   Top    Selector   Space  Class

                reset_vec                      000000  000004  000004         0       0  CODE    
                cstackCOMRAM                   000001  00005B  00005C         1       1  COMRAM  
                intcode                        000008  000006  00000E         4       0  CODE    
                intcodelo                      000018  003599  0035B1         C       0  CODE    
                bssBANK0                       000060  0000A0  000100        60       1  BANK0   
                bssBANK1                       000100  00003A  00013A       100       1  BANK1   
                text53                         0035B2  0000AF  003661      1AD9       0  CODE    
                text52                         003662  000008  00366A      1B31       0  CODE    
                mediumconst                    00FD54  0002AC  010000      7EAA       0  MEDIUMCO


UNUSED ADDRESS RANGES

        Name                Unused          Largest block    Delta
        BANK1            00013A-0001FF               C6
        BANK10           000A00-000AFF              100
        BANK11           000B00-000BFF              100
        BANK12           000C00-000CFF              100
        BANK13           000D00-000DFF              100
        BANK14           000E00-000EFF              100
        BANK15           000F00-000F5F               60
        BANK2            000200-0002FF              100
        BANK3            000300-0003FF              100
        BANK4            000400-0004FF              100
        BANK5            000500-0005FF              100
        BANK6            000600-0006FF              100
        BANK7            000700-0007FF              100
        BANK8            000800-0008FF              100
        BANK9            000900-0009FF              100
        BIGRAM           00005C-00005F                4
                         00013A-000F5F              E26
        BIGSFR           000F60-000FFF               A0
        CODE             000004-000007                4
                         00000E-000017                A
                         0035B1-0035B1                1
                         003661-003661                1
                         00366A-00FD53             C6EA
        COMRAM           00005C-00005F                4
        CONST            000004-000007                4
                         00000E-000017                A
                         0035B1-0035B1                1
                         003661-003661                1
                         00366A-00FD53             C6EA
        EEDATA           F00000-F003FF              400
        IDLOC            200000-200007                8
        MEDIUMCONST      0035B1-0035B1                1
                         003661-003661                1
                         00366A-00FD53             C6EA
        RAM              00013A-000F5F              100
        SFR              000F60-000FFF               A0
        SMALLCONST       0035B1-0035B1                1
                         003661-003661                1
                         00366A-00FD53              100

                                  Symbol Table

?_ADC_GetConversion                            cstackCOMRAM 000004
?___awdiv                                      cstackCOMRAM 000004
?___awmod                                      cstackCOMRAM 000004
?___fladd                                      cstackCOMRAM 00002B
?___fldiv                                      cstackCOMRAM 000012
?___flmul                                      cstackCOMRAM 000012
?___fltol                                      cstackCOMRAM 00003B
?___lwdiv                                      cstackCOMRAM 000004
?___xxtofl                                     cstackCOMRAM 000004
?_abs                                          cstackCOMRAM 00000A
?_sprintf                                      cstackCOMRAM 000021
?_vfprintf                                     cstackCOMRAM 00001B
ADC_GetConversion@channel                      cstackCOMRAM 000008
EUSART_SetErrorHandler@interruptHandler        cstackCOMRAM 000004
EUSART_SetFramingErrorHandler@interruptHandler cstackCOMRAM 000004
EUSART_SetOverrunErrorHandler@interruptHandler cstackCOMRAM 000004
I2C_Master_Mode_Clock_Configurations@i2c_obj   cstackCOMRAM 000045
I2C_Slave_Mode_Configurations@i2c_obj          cstackCOMRAM 000004
MSSP_I2C_Init@i2c_obj                          cstackCOMRAM 000047
MSSP_I2C_Master_Send_Start@i2c_obj             cstackCOMRAM 000004
MSSP_I2C_Master_Send_Start@ret                 cstackCOMRAM 000005
MSSP_I2C_Master_Send_Stop@i2c_obj              cstackCOMRAM 000004
MSSP_I2C_Master_Send_Stop@ret                  cstackCOMRAM 000005
MSSP_I2C_Master_Write_Blocking@_ack            cstackCOMRAM 000006
MSSP_I2C_Master_Write_Blocking@i2c_data        cstackCOMRAM 000005
MSSP_I2C_Master_Write_Blocking@i2c_obj         cstackCOMRAM 000004
MSSP_I2C_Master_Write_Blocking@ret             cstackCOMRAM 000008
MSSP_I2C_Send_1_Byte@_data                     cstackCOMRAM 000009
MSSP_I2C_Send_1_Byte@slave_add                 cstackCOMRAM 00000C
_ADCON0                                        (abs)        000FC2
_ADCON0bits                                    (abs)        000FC2
_ADCON1                                        (abs)        000FC1
_ADCON2                                        (abs)        000FC0
_ADC_GetConversion                             text35       0033C2
_ADC_Initialize                                text50       0035E2
_ADC_InterruptHandler                          bssBANK0     0000A0
_ADC_handler                                   bssBANK0     0000A2
_ADRESH                                        (abs)        000FC4
_ADRESL                                        (abs)        000FC3
_ANSEL                                         (abs)        000F7E
_ANSELH                                        (abs)        000F7F
_BAUDCON                                       (abs)        000FB8
_CCP1CON                                       (abs)        000FBD
_CCP1CONbits                                   (abs)        000FBD
_CCPR1H                                        (abs)        000FBF
_CCPR1L                                        (abs)        000FBE
_ECCP1AS                                       (abs)        000FB6
_EUSART_DefaultErrorHandler                    (abs)        000000
_EUSART_DefaultFramingErrorHandler             (abs)        000000
_EUSART_DefaultOverrunErrorHandler             (abs)        000000
_EUSART_ErrorHandler                           nvBANK1      00012F
_EUSART_FramingErrorHandler                    nvBANK1      000133
_EUSART_Initialize                             text46       003346
_EUSART_OverrunErrorHandler                    nvBANK1      000131
_EUSART_Read                                   text34       0034F4
_EUSART_SetErrorHandler                        text49       003650
_EUSART_SetFramingErrorHandler                 text48       003646
_EUSART_SetOverrunErrorHandler                 text47       00363C
_I2C_CallbackReturnReset                       (abs)        000000
_I2C_CallbackReturnStop                        (abs)        000000
_I2C_DO_ADDRESS_NACK                           (abs)        000000
_I2C_DO_IDLE                                   (abs)        000000
_I2C_DO_RCEN                                   (abs)        000000
_I2C_DO_RESET                                  (abs)        000000
_I2C_DO_RX                                     (abs)        000000
_I2C_DO_RX_ACK                                 (abs)        000000
_I2C_DO_RX_NACK_RESTART                        (abs)        000000
_I2C_DO_RX_NACK_STOP                           (abs)        000000
_I2C_DO_SEND_ADR_READ                          (abs)        000000
_I2C_DO_SEND_ADR_WRITE                         (abs)        000000
_I2C_DO_SEND_RESTART                           (abs)        000000
_I2C_DO_SEND_RESTART_READ                      (abs)        000000
_I2C_DO_SEND_RESTART_WRITE                     (abs)        000000
_I2C_DO_SEND_STOP                              (abs)        000000
_I2C_DO_TX                                     (abs)        000000
_I2C_DO_TX_EMPTY                               (abs)        000000
_I2C_Initialize                                text45       0035F8
_I2C_Master_Mode_Clock_Configurations          text54       002C32
_I2C_Slave_Mode_Configurations                 text53       0035B2
_I2C_Status                                    bssBANK0     000060
_INT0_CALL_BACK_HANDLER                        bssBANK0     0000B8
_INT1_CALL_BACK_HANDLER                        bssBANK0     0000B6
_INT2_CALL_BACK_HANDLER                        bssBANK0     0000B4
_INTCON2bits                                   (abs)        000FF1
_INTCON3bits                                   (abs)        000FF0
_INTCONbits                                    (abs)        000FF2
_IPR1bits                                      (abs)        000F9F
_ISR_TIMER0                                    text60       00360C
_LATA                                          (abs)        000F89
_LATB                                          (abs)        000F8A
_LATC                                          (abs)        000F8B
_LATD                                          (abs)        000F8C
_LATE                                          (abs)        000F8D
_MSSP_I2C_Init                                 text51       00236A
_MSSP_I2C_Master_Send_Start                    text33       003306
_MSSP_I2C_Master_Send_Stop                     text32       0032C6
_MSSP_I2C_Master_Write_Blocking                text31       00300E
_MSSP_I2C_Mode_GPIO_CFG                        text52       003662
_MSSP_I2C_Send_1_Byte                          text30       002D56
_OSCCON                                        (abs)        000FD3
_OSCILLATOR_Initialize                         text44       003632
_OSCTUNE                                       (abs)        000F9B
_PIE1bits                                      (abs)        000F9D
_PIN_MANAGER_Initialize                        text43       003468
_PIR1bits                                      (abs)        000F9E
_PIR2bits                                      (abs)        000FA1
_PORTA                                         (abs)        000F80
_PORTB                                         (abs)        000F81
_PORTBbits                                     (abs)        000F81
_PORTC                                         (abs)        000F82
_PORTD                                         (abs)        000F83
_PORTE                                         (abs)        000F84
_PR2                                           (abs)        000FCB
_PSTRCON                                       (abs)        000FB9
_PWM1CON                                       (abs)        000FB7
_RBX_CALL_BACK_HANDLER2_FALLING_4              bssBANK0     0000B0
_RBX_CALL_BACK_HANDLER2_FALLING_5              bssBANK0     0000AC
_RBX_CALL_BACK_HANDLER2_FALLING_6              bssBANK0     0000A8
_RBX_CALL_BACK_HANDLER2_FALLING_7              bssBANK0     0000A4
_RBX_CALL_BACK_HANDLER_RISING_4                bssBANK0     0000B2
_RBX_CALL_BACK_HANDLER_RISING_5                bssBANK0     0000AE
_RBX_CALL_BACK_HANDLER_RISING_6                bssBANK0     0000AA
_RBX_CALL_BACK_HANDLER_RISING_7                bssBANK0     0000A6
_RCONbits                                      (abs)        000FD0
_RCREG                                         (abs)        000FAE
_RCSTA                                         (abs)        000FAB
_RCSTAbits                                     (abs)        000FAB
_SPBRG                                         (abs)        000FAF
_SPBRGH                                        (abs)        000FB0
_SPI_INTERRUPT_HANDLER                         bssBANK0     00009A
_SSPADD                                        (abs)        000FC8
_SSPBUF                                        (abs)        000FC9
_SSPCON1                                       (abs)        000FC6
_SSPCON1bits                                   (abs)        000FC6
_SSPCON2                                       (abs)        000FC5
_SSPCON2bits                                   (abs)        000FC5
_SSPSTAT                                       (abs)        000FC7
_SSPSTATbits                                   (abs)        000FC7
_SYSTEM_Initialize                             text42       0035CC
_T0CON                                         (abs)        000FD5
_T0CONbits                                     (abs)        000FD5
_T1CON                                         (abs)        000FCD
_T1CONbits                                     (abs)        000FCD
_T2CON                                         (abs)        000FCA
_T2CONbits                                     (abs)        000FCA
_T3CON                                         (abs)        000FB1
_T3CONbits                                     (abs)        000FB1
_TMR0H                                         (abs)        000FD7
_TMR0L                                         (abs)        000FD6
_TMR1                                          (abs)        000FCE
_TMR1H                                         (abs)        000FCF
_TMR1L                                         (abs)        000FCE
_TMR2                                          (abs)        000FCC
_TMR3                                          (abs)        000FB2
_TMR3H                                         (abs)        000FB3
_TMR3L                                         (abs)        000FB2
_TRISA                                         (abs)        000F92
_TRISB                                         (abs)        000F93
_TRISC                                         (abs)        000F94
_TRISCbits                                     (abs)        000F94
_TRISD                                         (abs)        000F95
_TRISE                                         (abs)        000F96
_TXREG                                         (abs)        000FAD
_TXSTA                                         (abs)        000FAC
_TXSTAbits                                     (abs)        000FAC
_Timer0_interrrupt_ptr                         bssBANK0     000098
_WPUB                                          (abs)        000F7C
__HRAM                                         (abs)        000000
__H__absolute__                                __absolute__ 000000
__Habs1                                        abs1         000000
__Hbank0                                       bank0        000000
__Hbank1                                       bank1        000000
__Hbank10                                      bank10       000000
__Hbank11                                      bank11       000000
__Hbank12                                      bank12       000000
__Hbank13                                      bank13       000000
__Hbank14                                      bank14       000000
__Hbank15                                      bank15       000000
__Hbank2                                       bank2        000000
__Hbank3                                       bank3        000000
__Hbank4                                       bank4        000000
__Hbank5                                       bank5        000000
__Hbank6                                       bank6        000000
__Hbank7                                       bank7        000000
__Hbank8                                       bank8        000000
__Hbank9                                       bank9        000000
__Hbigbss                                      bigbss       000000
__Hbigdata                                     bigdata      000000
__Hbigram                                      bigram       000000
__Hbigsfr                                      bigsfr       000000
__Hbss                                         bss          000000
__HbssBANK0                                    bssBANK0     000000
__HbssBANK1                                    bssBANK1     000000
__HbssCOMRAM                                   bssCOMRAM    000000
__Hcinit                                       cinit        000000
__Hclrtext                                     clrtext      000000
__Hcomram                                      comram       000000
__Hconfig                                      config       30000E
__Hconst                                       const        000000
__HcstackBANK1                                 cstackBANK1  000000
__HcstackCOMRAM                                cstackCOMRAM 000000
__Hdata                                        data         000000
__HdataBANK0                                   dataBANK0    000000
__HdataBANK1                                   dataBANK1    000000
__HdataCOMRAM                                  dataCOMRAM   000000
__Heeprom_data                                 eeprom_data  000000
__Hfarbss                                      farbss       000000
__Hfardata                                     fardata      000000
__Hheap                                        heap         000000
__Hibigdata                                    ibigdata     000000
__Hidata                                       idata        000000
__HidataBANK0                                  idataBANK0   000000
__HidataBANK1                                  idataBANK1   000000
__HidataCOMRAM                                 idataCOMRAM  000000
__Hidloc                                       idloc        000000
__Hifardata                                    ifardata     000000
__Hinit                                        init         00005A
__Hintcode                                     intcode      00000E
__Hintcode_body                                intcode_body 000000
__Hintcodelo                                   intcodelo    000056
__Hintentry                                    intentry     000000
__Hintret                                      intret       000000
__Hintsave_regs                                intsave_regs 000000
__Hirdata                                      irdata       000000
__Hmediumconst                                 mediumconst  010000
__HnvBANK1                                     nvBANK1      000000
__HnvFARRAM                                    nvFARRAM     000000
__Hnvbit                                       nvbit        000000
__Hnvrram                                      nvrram       000000
__Hparam                                       rparam       000000
__Hpowerup                                     powerup      000056
__Hram                                         ram          000000
__Hramtop                                      ramtop       001000
__Hrbit                                        rbit         000000
__Hrbss                                        rbss         000000
__Hrdata                                       rdata        000000
__Hreset_vec                                   reset_vec    000004
__Hrparam                                      rparam       000000
__Hsfr                                         sfr          000000
__Hsivt_hi                                     sivt_hi      000000
__Hsivt_lo                                     sivt_lo      000000
__Hsmallconst                                  smallconst   000000
__Hspace_0                                     (abs)        010000
__Hspace_1                                     (abs)        00013A
__Hspace_2                                     (abs)        000000
__Hspace_4                                     (abs)        60000E
__Hstack                                       stack        000000
__Hstruct                                      struct       000000
__Htemp                                        temp         00005C
__Htext                                        text         000000
__Htext0                                       text0        000000
__Htext1                                       text1        000000
__Htext10                                      text10       000000
__Htext11                                      text11       000000
__Htext12                                      text12       000000
__Htext13                                      text13       000000
__Htext14                                      text14       000000
__Htext15                                      text15       000000
__Htext16                                      text16       000000
__Htext17                                      text17       000000
__Htext18                                      text18       000000
__Htext19                                      text19       000000
__Htext2                                       text2        000000
__Htext20                                      text20       000000
__Htext21                                      text21       000000
__Htext22                                      text22       000000
__Htext23                                      text23       000000
__Htext24                                      text24       000000
__Htext25                                      text25       000000
__Htext26                                      text26       000000
__Htext27                                      text27       000000
__Htext28                                      text28       000000
__Htext29                                      text29       000000
__Htext3                                       text3        000000
__Htext30                                      text30       000000
__Htext31                                      text31       000000
__Htext32                                      text32       000000
__Htext33                                      text33       000000
__Htext34                                      text34       000000
__Htext35                                      text35       000000
__Htext36                                      text36       000000
__Htext37                                      text37       000000
__Htext38                                      text38       000000
__Htext39                                      text39       000000
__Htext4                                       text4        000000
__Htext40                                      text40       000000
__Htext41                                      text41       000000
__Htext42                                      text42       000000
__Htext43                                      text43       000000
__Htext44                                      text44       000000
__Htext45                                      text45       000000
__Htext46                                      text46       000000
__Htext47                                      text47       000000
__Htext48                                      text48       000000
__Htext49                                      text49       000000
__Htext5                                       text5        000000
__Htext50                                      text50       000000
__Htext51                                      text51       000000
__Htext52                                      text52       000000
__Htext53                                      text53       000000
__Htext54                                      text54       000000
__Htext55                                      text55       000000
__Htext56                                      text56       000000
__Htext57                                      text57       000000
__Htext58                                      text58       000000
__Htext6                                       text6        000000
__Htext60                                      text60       000000
__Htext62                                      text62       000000
__Htext7                                       text7        000000
__Htext8                                       text8        000000
__Htext9                                       text9        000000
__LRAM                                         (abs)        000001
__L__absolute__                                __absolute__ 000000
__Labs1                                        abs1         000000
__Lbank0                                       bank0        000000
__Lbank1                                       bank1        000000
__Lbank10                                      bank10       000000
__Lbank11                                      bank11       000000
__Lbank12                                      bank12       000000
__Lbank13                                      bank13       000000
__Lbank14                                      bank14       000000
__Lbank15                                      bank15       000000
__Lbank2                                       bank2        000000
__Lbank3                                       bank3        000000
__Lbank4                                       bank4        000000
__Lbank5                                       bank5        000000
__Lbank6                                       bank6        000000
__Lbank7                                       bank7        000000
__Lbank8                                       bank8        000000
__Lbank9                                       bank9        000000
__Lbigbss                                      bigbss       000000
__Lbigdata                                     bigdata      000000
__Lbigram                                      bigram       000000
__Lbigsfr                                      bigsfr       000000
__Lbss                                         bss          000000
__LbssBANK0                                    bssBANK0     000000
__LbssBANK1                                    bssBANK1     000000
__LbssCOMRAM                                   bssCOMRAM    000000
__Lcinit                                       cinit        000000
__Lclrtext                                     clrtext      000000
__Lcomram                                      comram       000000
__Lconfig                                      config       000000
__Lconst                                       const        000000
__LcstackBANK1                                 cstackBANK1  000000
__LcstackCOMRAM                                cstackCOMRAM 000000
__Ldata                                        data         000000
__LdataBANK0                                   dataBANK0    000000
__LdataBANK1                                   dataBANK1    000000
__LdataCOMRAM                                  dataCOMRAM   000000
__Leeprom_data                                 eeprom_data  000000
__Lfarbss                                      farbss       000000
__Lfardata                                     fardata      000000
__Lheap                                        heap         000000
__Libigdata                                    ibigdata     000000
__Lidata                                       idata        000000
__LidataBANK0                                  idataBANK0   000000
__LidataBANK1                                  idataBANK1   000000
__LidataCOMRAM                                 idataCOMRAM  000000
__Lidloc                                       idloc        000000
__Lifardata                                    ifardata     000000
__Linit                                        init         000056
__Lintcode                                     intcode      000008
__Lintcode_body                                intcode_body 000000
__Lintcodelo                                   intcodelo    000018
__Lintentry                                    intentry     000000
__Lintret                                      intret       000000
__Lintsave_regs                                intsave_regs 000000
__Lirdata                                      irdata       000000
__Lmediumconst                                 mediumconst  00FD54
__LnvBANK1                                     nvBANK1      000000
__LnvFARRAM                                    nvFARRAM     000000
__Lnvbit                                       nvbit        000000
__Lnvrram                                      nvrram       000000
__Lparam                                       rparam       000000
__Lpowerup                                     powerup      000056
__Lram                                         ram          000000
__Lramtop                                      ramtop       001000
__Lrbit                                        rbit         000000
__Lrbss                                        rbss         000000
__Lrdata                                       rdata        000000
__Lreset_vec                                   reset_vec    000000
__Lrparam                                      rparam       000000
__Lsfr                                         sfr          000000
__Lsivt_hi                                     sivt_hi      000000
__Lsivt_lo                                     sivt_lo      000000
__Lsmallconst                                  smallconst   000000
__Lspace_0                                     (abs)        000000
__Lspace_1                                     (abs)        000000
__Lspace_2                                     (abs)        000000
__Lspace_4                                     (abs)        000000
__Lstack                                       stack        000000
__Lstruct                                      struct       000000
__Ltemp                                        temp         00005B
__Ltext                                        text         000000
__Ltext0                                       text0        000000
__Ltext1                                       text1        000000
__Ltext10                                      text10       000000
__Ltext11                                      text11       000000
__Ltext12                                      text12       000000
__Ltext13                                      text13       000000
__Ltext14                                      text14       000000
__Ltext15                                      text15       000000
__Ltext16                                      text16       000000
__Ltext17                                      text17       000000
__Ltext18                                      text18       000000
__Ltext19                                      text19       000000
__Ltext2                                       text2        000000
__Ltext20                                      text20       000000
__Ltext21                                      text21       000000
__Ltext22                                      text22       000000
__Ltext23                                      text23       000000
__Ltext24                                      text24       000000
__Ltext25                                      text25       000000
__Ltext26                                      text26       000000
__Ltext27                                      text27       000000
__Ltext28                                      text28       000000
__Ltext29                                      text29       000000
__Ltext3                                       text3        000000
__Ltext30                                      text30       000000
__Ltext31                                      text31       000000
__Ltext32                                      text32       000000
__Ltext33                                      text33       000000
__Ltext34                                      text34       000000
__Ltext35                                      text35       000000
__Ltext36                                      text36       000000
__Ltext37                                      text37       000000
__Ltext38                                      text38       000000
__Ltext39                                      text39       000000
__Ltext4                                       text4        000000
__Ltext40                                      text40       000000
__Ltext41                                      text41       000000
__Ltext42                                      text42       000000
__Ltext43                                      text43       000000
__Ltext44                                      text44       000000
__Ltext45                                      text45       000000
__Ltext46                                      text46       000000
__Ltext47                                      text47       000000
__Ltext48                                      text48       000000
__Ltext49                                      text49       000000
__Ltext5                                       text5        000000
__Ltext50                                      text50       000000
__Ltext51                                      text51       000000
__Ltext52                                      text52       000000
__Ltext53                                      text53       000000
__Ltext54                                      text54       000000
__Ltext55                                      text55       000000
__Ltext56                                      text56       000000
__Ltext57                                      text57       000000
__Ltext58                                      text58       000000
__Ltext6                                       text6        000000
__Ltext60                                      text60       000000
__Ltext62                                      text62       000000
__Ltext7                                       text7        000000
__Ltext8                                       text8        000000
__Ltext9                                       text9        000000
__S0                                           (abs)        010000
__S1                                           (abs)        00013A
__S4                                           (abs)        000000
__S5                                           (abs)        000000
___awdiv                                       text23       002966
___awdiv@counter                               cstackCOMRAM 000008
___awdiv@dividend                              cstackCOMRAM 000004
___awdiv@divisor                               cstackCOMRAM 000006
___awdiv@quotient                              cstackCOMRAM 00000A
___awdiv@sign                                  cstackCOMRAM 000009
___awmod                                       text22       002AE4
___awmod@counter                               cstackCOMRAM 000008
___awmod@dividend                              cstackCOMRAM 000004
___awmod@divisor                               cstackCOMRAM 000006
___awmod@sign                                  cstackCOMRAM 000009
___fladd                                       text58       000AA6
___fladd@a                                     cstackCOMRAM 00002F
___fladd@aexp                                  cstackCOMRAM 000038
___fladd@b                                     cstackCOMRAM 00002B
___fladd@bexp                                  cstackCOMRAM 000039
___fladd@grs                                   cstackCOMRAM 00003A
___fladd@signs                                 cstackCOMRAM 000037
___fldiv                                       text57       001390
___fldiv@a                                     cstackCOMRAM 000016
___fldiv@aexp                                  cstackCOMRAM 00002A
___fldiv@b                                     cstackCOMRAM 000012
___fldiv@bexp                                  cstackCOMRAM 000029
___fldiv@grs                                   cstackCOMRAM 000025
___fldiv@new_exp                               cstackCOMRAM 000023
___fldiv@rem                                   cstackCOMRAM 00001E
___fldiv@sign                                  cstackCOMRAM 000022
___flmul                                       text29       000F66
___flmul@a                                     cstackCOMRAM 000016
___flmul@aexp                                  cstackCOMRAM 00001F
___flmul@b                                     cstackCOMRAM 000012
___flmul@bexp                                  cstackCOMRAM 000024
___flmul@grs                                   cstackCOMRAM 000020
___flmul@prod                                  cstackCOMRAM 000025
___flmul@sign                                  cstackCOMRAM 00001E
___flmul@temp                                  cstackCOMRAM 000029
___fltol                                       text56       0026AE
___fltol@exp1                                  cstackCOMRAM 000044
___fltol@f1                                    cstackCOMRAM 00003B
___fltol@sign1                                 cstackCOMRAM 000043
___heap_hi                                     (abs)        000000
___heap_lo                                     (abs)        000000
___inthi_sp                                    stack        000000
___inthi_stack_hi                              stack        000000
___inthi_stack_lo                              stack        000000
___intlo_sp                                    stack        000000
___intlo_stack_hi                              stack        000000
___intlo_stack_lo                              stack        000000
___lwdiv                                       text28       002E5A
___lwdiv@counter                               cstackCOMRAM 000008
___lwdiv@dividend                              cstackCOMRAM 000004
___lwdiv@divisor                               cstackCOMRAM 000006
___lwdiv@quotient                              cstackCOMRAM 000009
___param_bank                                  (abs)        000000
___rparam_used                                 (abs)        000001
___sp                                          stack        000000
___stack_hi                                    stack        000000
___stack_lo                                    stack        000000
___xxtofl                                      text55       002054
___xxtofl@arg                                  cstackCOMRAM 00000E
___xxtofl@exp                                  cstackCOMRAM 00000D
___xxtofl@sign                                 cstackCOMRAM 00000C
___xxtofl@val                                  cstackCOMRAM 000004
__accesstop                                    (abs)        000060
__activetblptr                                 (abs)        000003
__end_of_ADC_GetConversion                     text35       0033FC
__end_of_ADC_Initialize                        text50       0035F8
__end_of_EUSART_Initialize                     text46       003386
__end_of_EUSART_Read                           text34       00351E
__end_of_EUSART_SetErrorHandler                text49       00365A
__end_of_EUSART_SetFramingErrorHandler         text48       003650
__end_of_EUSART_SetOverrunErrorHandler         text47       003646
__end_of_I2C_Initialize                        text45       00360C
__end_of_I2C_Master_Mode_Clock_Configurations  text54       002CC8
__end_of_I2C_Slave_Mode_Configurations         text53       0035CC
__end_of_ISR_TIMER0                            text60       00361A
__end_of_L1                                    mediumconst  00FDE5
__end_of_L2                                    mediumconst  00FDE1
__end_of_L3                                    mediumconst  00FDDD
__end_of_L4                                    mediumconst  00FDD9
__end_of_L5                                    mediumconst  00FDD5
__end_of_L6                                    mediumconst  00FDD1
__end_of_MSSP_I2C_Init                         text51       00248C
__end_of_MSSP_I2C_Master_Send_Start            text33       003346
__end_of_MSSP_I2C_Master_Send_Stop             text32       003306
__end_of_MSSP_I2C_Master_Write_Blocking        text31       003076
__end_of_MSSP_I2C_Mode_GPIO_CFG                text52       003668
__end_of_MSSP_I2C_Send_1_Byte                  text30       002DE2
__end_of_OSCILLATOR_Initialize                 text44       00363C
__end_of_P1                                    mediumconst  00FDCD
__end_of_P2                                    mediumconst  00FDC9
__end_of_P3                                    mediumconst  00FDC5
__end_of_P4                                    mediumconst  00FDC1
__end_of_P5                                    mediumconst  00FDBD
__end_of_PIN_MANAGER_Initialize                text43       003498
__end_of_SYSTEM_Initialize                     text42       0035E2
__end_of___awdiv                               text23       002A2A
__end_of___awmod                               text22       002B94
__end_of___fladd                               text58       000F66
__end_of___fldiv                               text57       00172A
__end_of___flmul                               text29       001390
__end_of___fltol                               text56       0027B4
__end_of___lwdiv                               text28       002ECE
__end_of___xxtofl                              text55       002208
__end_of__initialization                       cinit        002D4C
__end_of_abs                                   text21       003468
__end_of_arr                                   mediumconst  00FD85
__end_of_arr_compare                           text13       002F3A
__end_of_bp                                    mediumconst  00FD9D
__end_of_check_password                        text11       00236A
__end_of_cp                                    mediumconst  00FDA9
__end_of_cp_h                                  mediumconst  00FDF5
__end_of_cp_l                                  mediumconst  00FDF1
__end_of_dp_h                                  mediumconst  00FD95
__end_of_dp_l                                  mediumconst  00FD8D
__end_of_ecu_lcd_4_bits_initialization         text36       002894
__end_of_ecu_lcd_4_bits_send_char_data         text27       003198
__end_of_ecu_lcd_4_bits_send_char_data_pos     text12       0033C2
__end_of_ecu_lcd_4_bits_send_command           text38       0031F6
__end_of_ecu_lcd_4_bits_send_string_data_pos   text25       002C32
__end_of_ecu_lcd_conver_16_bits_to_string      text15       00313A
__end_of_ecu_led_initialization                text9        0030DC
__end_of_ecu_led_off                           text8        00300E
__end_of_ecu_led_on                            text7        002FA4
__end_of_ecu_motor_initialization              text6        00356E
__end_of_ecu_motor_move_right                  text5        0034F4
__end_of_ecu_motor_stop                        text4        0034C6
__end_of_fire_check                            text3        002966
__end_of_fputc                                 text19       002AE4
__end_of_garage                                text14       001A82
__end_of_gpio_pin_direction_intialization      text37       00259E
__end_of_gpio_pin_write_logic                  text41       0026AE
__end_of_home_page                             text10       002054
__end_of_i2c_fsmStateTable                     mediumconst  00FD75
__end_of_interrupt_high                        intcode_body 003592
__end_of_interrupt_low                         intcodelo    000056
__end_of_ivln2                                 mediumconst  00FDA5
__end_of_ivln2_h                               mediumconst  00FDED
__end_of_ivln2_l                               mediumconst  00FDA1
__end_of_lg2                                   mediumconst  00FDB9
__end_of_lg2_h                                 mediumconst  00FDB5
__end_of_lg2_l                                 mediumconst  00FDB1
__end_of_main                                  text0        001CA4
__end_of_memset                                text24       003434
__end_of_ovt                                   mediumconst  00FDAD
__end_of_putch                                 text20       00366A
__end_of_room_1                                text2        00058C
__end_of_room_2                                text1        000AA6
__end_of_send_4bits_data_command               text40       003242
__end_of_send_4bits_enable                     text39       003548
__end_of_send_4bits_set_cursor                 text26       002E5A
__end_of_sprintf                               text16       0032C6
__end_of_two24                                 mediumconst  00FDE9
__end_of_vfpfcnvrt                             text18       001E8E
__end_of_vfprintf                              text17       003286
__end_ofi2_ISR_TIMER0                          text62       003628
__initialization                               cinit        002CC8
__mediumconst                                  mediumconst  00FD54
__pbssBANK0                                    bssBANK0     000060
__pbssBANK1                                    bssBANK1     000100
__pbssCOMRAM                                   bssCOMRAM    00004A
__pcinit                                       cinit        002CC8
__pcstackBANK1                                 cstackBANK1  000135
__pcstackCOMRAM                                cstackCOMRAM 000001
__pdataBANK0                                   dataBANK0    0000E1
__pdataBANK1                                   dataBANK1    000125
__pdataCOMRAM                                  dataCOMRAM   000054
__pidataBANK0                                  idataBANK0   003592
__pidataBANK1                                  idataBANK1   003628
__pidataCOMRAM                                 idataCOMRAM  00365A
__pintcode                                     intcode      000008
__pintcode_body                                intcode_body 00356E
__pintcodelo                                   intcodelo    000018
__pmediumconst                                 mediumconst  00FD54
__pnvBANK1                                     nvBANK1      00012F
__ptext0                                       text0        001A82
__ptext1                                       text1        00058C
__ptext10                                      text10       001E8E
__ptext11                                      text11       002208
__ptext12                                      text12       003386
__ptext13                                      text13       002ECE
__ptext14                                      text14       00172A
__ptext15                                      text15       0030DC
__ptext16                                      text16       003286
__ptext17                                      text17       003242
__ptext18                                      text18       001CA4
__ptext19                                      text19       002A2A
__ptext2                                       text2        00005A
__ptext20                                      text20       003668
__ptext21                                      text21       003434
__ptext22                                      text22       002AE4
__ptext23                                      text23       002966
__ptext24                                      text24       0033FC
__ptext25                                      text25       002B94
__ptext26                                      text26       002DE2
__ptext27                                      text27       00313A
__ptext28                                      text28       002E5A
__ptext29                                      text29       000F66
__ptext3                                       text3        002894
__ptext30                                      text30       002D56
__ptext31                                      text31       00300E
__ptext32                                      text32       0032C6
__ptext33                                      text33       003306
__ptext34                                      text34       0034F4
__ptext35                                      text35       0033C2
__ptext36                                      text36       0027B4
__ptext37                                      text37       00248C
__ptext38                                      text38       003198
__ptext39                                      text39       00351E
__ptext4                                       text4        003498
__ptext40                                      text40       0031F6
__ptext41                                      text41       00259E
__ptext42                                      text42       0035CC
__ptext43                                      text43       003468
__ptext44                                      text44       003632
__ptext45                                      text45       0035F8
__ptext46                                      text46       003346
__ptext47                                      text47       00363C
__ptext48                                      text48       003646
__ptext49                                      text49       003650
__ptext5                                       text5        0034C6
__ptext50                                      text50       0035E2
__ptext51                                      text51       00236A
__ptext52                                      text52       003662
__ptext53                                      text53       0035B2
__ptext54                                      text54       002C32
__ptext55                                      text55       002054
__ptext56                                      text56       0026AE
__ptext57                                      text57       001390
__ptext58                                      text58       000AA6
__ptext6                                       text6        003548
__ptext60                                      text60       00360C
__ptext62                                      text62       00361A
__ptext7                                       text7        002F3A
__ptext8                                       text8        002FA4
__ptext9                                       text9        003076
__ramtop                                       ramtop       001000
__smallconst                                   smallconst   000000
_abs                                           text21       003434
_arr                                           mediumconst  00FD75
_arr_compare                                   text13       002ECE
_astrik                                        bssBANK0     0000D7
_check_password                                text11       002208
_dbuf                                          bssBANK1     000100
_device                                        bssCOMRAM    00004C
_ecu_lcd_4_bits_initialization                 text36       0027B4
_ecu_lcd_4_bits_send_char_data                 text27       00313A
_ecu_lcd_4_bits_send_char_data_pos             text12       003386
_ecu_lcd_4_bits_send_command                   text38       003198
_ecu_lcd_4_bits_send_string_data_pos           text25       002B94
_ecu_lcd_conver_16_bits_to_string              text15       0030DC
_ecu_led_initialization                        text9        003076
_ecu_led_off                                   text8        002FA4
_ecu_led_on                                    text7        002F3A
_ecu_motor_initialization                      text6        003548
_ecu_motor_move_right                          text5        0034C6
_ecu_motor_stop                                text4        003498
_errno                                         bssBANK0     00008C
_eusartRxLastError                             bssBANK0     0000C9
_fire_check                                    text3        002894
_flag4                                         dataBANK0    0000F8
_flag5                                         dataBANK0    0000F7
_flag6                                         dataBANK0    0000F6
_flag7                                         dataBANK0    0000F5
_flags                                         bssBANK0     0000C2
_fputc                                         text19       002A2A
_garage                                        text14       00172A
_gpio_pin_direction_intialization              text37       00248C
_gpio_pin_write_logic                          text41       00259E
_home_page                                     text10       001E8E
_i                                             bssCOMRAM    000050
_i2c_fsmStateTable                             mediumconst  00FD55
_i2c_obj                                       bssBANK0     0000D0
_inter                                         bssCOMRAM    00004E
_interrupt_high                                intcode      000008
_interrupt_low                                 intcodelo    000018
_lat_reg                                       dataBANK0    0000E1
_lcd                                           dataCOMRAM   000054
_led                                           dataCOMRAM   00005A
_lm35_res_1_Celsius_mv                         bssCOMRAM    00004A
_main                                          text0        001A82
_master_rec_data                               bssBANK0     0000C8
_memset                                        text24       0033FC
_motor                                         dataBANK0    0000FE
_new_password                                  bssBANK1     000120
_password                                      bssBANK0     0000DC
_password_irritation                           bssBANK0     0000C7
_place                                         bssCOMRAM    00004F
_port_reg                                      dataBANK1    000125
_prec                                          bssBANK0     000090
_putch                                         text20       003668
_rbx_arr                                       bssBANK0     000088
_rd1RegCompleteHandler                         (abs)        000000
_rd2RegCompleteHandler                         (abs)        000000
_rdBlkRegCompleteHandler                       (abs)        000000
_read_irritation                               bssCOMRAM    000051
_return_val                                    bssBANK0     0000C6
_room_1                                        text2        00005A
_room_2                                        text1        00058C
_saved_preload_value                           bssBANK0     000096
_saved_preload_value@timer2$F3946              bssBANK0     000092
_send_4bits_data_command                       text40       0031F6
_send_4bits_enable                             text39       00351E
_send_4bits_set_cursor                         text26       002DE2
_slave_ack                                     bssCOMRAM    000053
_sprintf                                       text16       003286
_t_check                                       bssBANK0     000084
_timer0ReloadVal                               bssCOMRAM    000052
_timer1ReloadVal                               bssBANK0     00009E
_timer3ReloadVal                               bssBANK0     00009C
_tris_reg                                      dataBANK0    0000EB
_valid_password                                dataBANK0    0000F9
_vfpfcnvrt                                     text18       001CA4
_vfprintf                                      text17       003242
_width                                         bssBANK0     00008E
_wr1RegCompleteHandler                         (abs)        000000
_wr2RegCompleteHandler                         (abs)        000000
abs@a                                          cstackCOMRAM 00000A
arr_compare@arr1                               cstackCOMRAM 000004
arr_compare@arr2                               cstackCOMRAM 000005
arr_compare@itiration                          cstackCOMRAM 000009
arr_compare@length                             cstackCOMRAM 000006
btemp                                          temp         00005B
ecu_lcd_4_bits_initialization@counter          cstackCOMRAM 000014
ecu_lcd_4_bits_initialization@lcd              cstackCOMRAM 000012
ecu_lcd_4_bits_initialization@ret              cstackCOMRAM 000015
ecu_lcd_4_bits_send_char_data@data             cstackCOMRAM 000010
ecu_lcd_4_bits_send_char_data@lcd              cstackCOMRAM 00000F
ecu_lcd_4_bits_send_char_data@ret              cstackCOMRAM 000011
ecu_lcd_4_bits_send_char_data_pos@column       cstackCOMRAM 000018
ecu_lcd_4_bits_send_char_data_pos@data         cstackCOMRAM 000016
ecu_lcd_4_bits_send_char_data_pos@lcd          cstackCOMRAM 000015
ecu_lcd_4_bits_send_char_data_pos@ret          cstackCOMRAM 000019
ecu_lcd_4_bits_send_char_data_pos@row          cstackCOMRAM 000017
ecu_lcd_4_bits_send_command@command            cstackCOMRAM 000010
ecu_lcd_4_bits_send_command@lcd                cstackCOMRAM 00000F
ecu_lcd_4_bits_send_command@ret                cstackCOMRAM 000011
ecu_lcd_4_bits_send_string_data_pos@column     cstackCOMRAM 000019
ecu_lcd_4_bits_send_string_data_pos@lcd        cstackCOMRAM 000015
ecu_lcd_4_bits_send_string_data_pos@row        cstackCOMRAM 000018
ecu_lcd_4_bits_send_string_data_pos@str        cstackCOMRAM 000016
ecu_lcd_conver_16_bits_to_string@char_arr      cstackCOMRAM 000036
ecu_lcd_conver_16_bits_to_string@value         cstackCOMRAM 000038
ecu_led_initialization@F3734                   bssBANK0     0000CD
ecu_led_initialization@led                     cstackCOMRAM 00000B
ecu_led_initialization@mid_term                cstackCOMRAM 00000D
ecu_led_off@F3744                              bssBANK0     0000CB
ecu_led_off@led                                cstackCOMRAM 00000C
ecu_led_off@mid_term                           cstackCOMRAM 00000E
ecu_led_on@F3739                               bssBANK0     0000CC
ecu_led_on@led                                 cstackCOMRAM 00000C
ecu_led_on@mid_term                            cstackCOMRAM 00000E
ecu_led_toggle@F3749                           bssBANK0     0000CA
ecu_motor_initialization@my_motor              cstackCOMRAM 00000B
ecu_motor_move_right@my_motor                  cstackCOMRAM 00000C
ecu_motor_stop@my_motor                        cstackCOMRAM 00000C
end_of_initialization                          cinit        002D4C
fputc@c                                        cstackCOMRAM 000004
fputc@fp                                       cstackCOMRAM 000006
garage@door_status1                            cstackBANK1  000137
garage@door_status2                            cstackBANK1  000138
garage@room                                    cstackBANK1  000136
garage@stat                                    cstackBANK1  000135
garage@temp_string                             cstackBANK1  000139
gpio_pin_direction_intialization@_pin_config   cstackCOMRAM 000004
gpio_pin_direction_intialization@ret           cstackCOMRAM 00000A
gpio_pin_write_logic@_pin_config               cstackCOMRAM 000004
gpio_pin_write_logic@logic                     cstackCOMRAM 000005
gpio_pin_write_logic@ret                       cstackCOMRAM 00000B
i2_ISR_TIMER0                                  text62       00361A
int$flags                                      temp         00005B
int_func                                       intcode_body 00356E
intlevel0                                      text         000000
intlevel1                                      text         000000
intlevel2                                      text         000000
intlevel3                                      text         000000
isa$std                                        (abs)        000001
isa$xinst                                      (abs)        000000
memset@c                                       cstackCOMRAM 000006
memset@dest                                    cstackCOMRAM 000004
memset@n                                       cstackCOMRAM 000008
memset@p                                       cstackCOMRAM 00000A
room_1@door_status1                            cstackBANK1  000136
room_1@door_status2                            cstackBANK1  000137
room_1@room                                    cstackBANK1  000135
room_1@stat                                    cstackBANK1  000138
room_1@temp_string                             cstackBANK1  000139
room_2@door_status1                            cstackBANK1  000136
room_2@door_status2                            cstackBANK1  000137
room_2@room                                    cstackBANK1  000135
room_2@stat                                    cstackBANK1  000138
room_2@temp_string                             cstackBANK1  000139
send_4bits_data_command@data                   cstackCOMRAM 00000D
send_4bits_data_command@lcd                    cstackCOMRAM 00000C
send_4bits_data_command@ret                    cstackCOMRAM 00000E
send_4bits_enable@lcd                          cstackCOMRAM 00000C
send_4bits_enable@ret                          cstackCOMRAM 00000D
send_4bits_set_cursor@column                   cstackCOMRAM 000014
send_4bits_set_cursor@lcd                      cstackCOMRAM 000012
send_4bits_set_cursor@row                      cstackCOMRAM 000013
sprintf@ap                                     cstackCOMRAM 000029
sprintf@f                                      cstackCOMRAM 00002A
sprintf@fmt                                    cstackCOMRAM 000023
sprintf@s                                      cstackCOMRAM 000021
stackhi                                        (abs)        000000
stacklo                                        (abs)        000000
start                                          init         000056
start_initialization                           cinit        002CC8
ttemp5                                         temp         00005C
ttemp6                                         temp         00005F
ttemp7                                         temp         000063
vfpfcnvrt@ap                                   cstackCOMRAM 000010
vfpfcnvrt@c                                    cstackCOMRAM 00001A
vfpfcnvrt@convarg                              cstackCOMRAM 000016
vfpfcnvrt@cp                                   cstackCOMRAM 000014
vfpfcnvrt@done                                 cstackCOMRAM 000013
vfpfcnvrt@fmt                                  cstackCOMRAM 00000F
vfpfcnvrt@fp                                   cstackCOMRAM 00000E
vfprintf@ap                                    cstackCOMRAM 00001E
vfprintf@cfmt                                  cstackCOMRAM 00001F
vfprintf@fmt                                   cstackCOMRAM 00001C
vfprintf@fp                                    cstackCOMRAM 00001B
wtemp8                                         temp         00005C


MODULE INFORMATION

Module		Function		Class		Link	Load	Size
C:\Program Files\Microchip\xc8\v2.46\pic\sources\c99\common\fltol.c
		___fltol       		CODE           	26AE	0000	262

C:\Program Files\Microchip\xc8\v2.46\pic\sources\c99\common\fltol.c estimated size: 262

LED/ecu_led.c
		_ecu_led_initialization		CODE           	3076	0000	102
		_ecu_led_on    		CODE           	2F3A	0000	106
		_ecu_led_off   		CODE           	2FA4	0000	106

LED/ecu_led.c estimated size: 314

C:\Program Files\Microchip\xc8\v2.46\pic\sources\c99\common\nf_fputc.c
		_fputc         		CODE           	2A2A	0000	186

C:\Program Files\Microchip\xc8\v2.46\pic\sources\c99\common\nf_fputc.c estimated size: 186

LCD/ecu_chr_lcd.c
		_ecu_lcd_4_bits_send_command		CODE           	3198	0000	94
		_send_4bits_set_cursor		CODE           	2DE2	0000	120
		_send_4bits_data_command		CODE           	31F6	0000	76
		_ecu_lcd_conver_16_bits_to_string		CODE           	30DC	0000	94
		_send_4bits_enable		CODE           	351E	0000	42
		_ecu_lcd_4_bits_send_char_data		CODE           	313A	0000	94
		_ecu_lcd_4_bits_initialization		CODE           	27B4	0000	224
		_ecu_lcd_4_bits_send_string_data_pos		CODE           	2B94	0000	158
		_ecu_lcd_4_bits_send_char_data_pos		CODE           	3386	0000	60

LCD/ecu_chr_lcd.c estimated size: 962

C:\Program Files\Microchip\xc8\v2.46\pic\sources\c99\common\lwdiv.c
		___lwdiv       		CODE           	2E5A	0000	116

C:\Program Files\Microchip\xc8\v2.46\pic\sources\c99\common\lwdiv.c estimated size: 116

C:\Program Files\Microchip\xc8\v2.46\pic\sources\c99\common\awdiv.c
		___awdiv       		CODE           	2966	0000	196

C:\Program Files\Microchip\xc8\v2.46\pic\sources\c99\common\awdiv.c estimated size: 196

C:\Program Files\Microchip\xc8\v2.46\pic\sources\c99\common\xxtofl.c
		___xxtofl      		CODE           	2054	0000	436

C:\Program Files\Microchip\xc8\v2.46\pic\sources\c99\common\xxtofl.c estimated size: 436

mcc_generated_files/pin_manager.c
		_PIN_MANAGER_Initialize		CODE           	3468	0000	48

mcc_generated_files/pin_manager.c estimated size: 48

C:\Program Files\Microchip\xc8\v2.46\pic\sources\c99\common\sprcmul.c
		___flmul       		CODE           	0F66	0000	1066

C:\Program Files\Microchip\xc8\v2.46\pic\sources\c99\common\sprcmul.c estimated size: 1066

C:\Program Files\Microchip\xc8\v2.46\pic\sources\c99\common\memset.c
		_memset        		CODE           	33FC	0000	56

C:\Program Files\Microchip\xc8\v2.46\pic\sources\c99\common\memset.c estimated size: 56

I2C/I2C.c
		_MSSP_I2C_Init 		CODE           	236A	0000	290
		_MSSP_I2C_Master_Send_Stop		CODE           	32C6	0000	64
		_MSSP_I2C_Master_Send_Start		CODE           	3306	0000	64
		_I2C_Slave_Mode_Configurations		CODE           	35B2	0000	26
		_I2C_Master_Mode_Clock_Configurations		CODE           	2C32	0000	150
		_MSSP_I2C_Mode_GPIO_CFG		CODE           	3662	0000	6
		_MSSP_I2C_Master_Write_Blocking		CODE           	300E	0000	104

I2C/I2C.c estimated size: 704

C:\Program Files\Microchip\xc8\v2.46\pic\sources\c99\common\sprcdiv.c
		___fldiv       		CODE           	1390	0000	922

C:\Program Files\Microchip\xc8\v2.46\pic\sources\c99\common\sprcdiv.c estimated size: 922

mcc_generated_files/adc.c
		_ADC_Initialize		CODE           	35E2	0000	22
		_ADC_GetConversion		CODE           	33C2	0000	58

mcc_generated_files/adc.c estimated size: 80

GPIO_MODULES/hal_GPIO.c
		_gpio_pin_write_logic		CODE           	259E	0000	272
		_gpio_pin_direction_intialization		CODE           	248C	0000	274

GPIO_MODULES/hal_GPIO.c estimated size: 546

C:\Program Files\Microchip\xc8\v2.46\pic\sources\c99\common\doprnt.c
		_vfpfcnvrt     		CODE           	1CA4	0000	490
		_vfprintf      		CODE           	3242	0000	68

C:\Program Files\Microchip\xc8\v2.46\pic\sources\c99\common\doprnt.c estimated size: 558

C:\Program Files\Microchip\xc8\v2.46\pic\sources\c99\common\nf_sprintf.c
		_sprintf       		CODE           	3286	0000	64

C:\Program Files\Microchip\xc8\v2.46\pic\sources\c99\common\nf_sprintf.c estimated size: 64

DC_MOTOR/ecu_dc_motor.c
		_ecu_motor_move_right		CODE           	34C6	0000	46
		_ecu_motor_stop		CODE           	3498	0000	46
		_ecu_motor_initialization		CODE           	3548	0000	38

DC_MOTOR/ecu_dc_motor.c estimated size: 130

shared
		_L5            		MEDIUMCONST    	0000	0000	0
		_P3            		MEDIUMCONST    	0000	0000	0
		_L6            		MEDIUMCONST    	0000	0000	0
		_P4            		MEDIUMCONST    	0000	0000	0
		_P5            		MEDIUMCONST    	0000	0000	0
		_lg2_l         		MEDIUMCONST    	0000	0000	0
		_ivln2_l       		MEDIUMCONST    	0000	0000	0
		_ivln2         		MEDIUMCONST    	0000	0000	0
		_arr           		MEDIUMCONST    	FD75	0000	16
		__initialization		CODE           	2CC8	0000	132
		_bp            		MEDIUMCONST    	0000	0000	0
		_cp            		MEDIUMCONST    	0000	0000	0
		_cp_h          		MEDIUMCONST    	0000	0000	0
		_dp_h          		MEDIUMCONST    	0000	0000	0
		i2_ISR_TIMER0  		CODE           	361A	0000	14
		_lg2           		MEDIUMCONST    	0000	0000	0
		_lg2_h         		MEDIUMCONST    	0000	0000	0
		_ivln2_h       		MEDIUMCONST    	0000	0000	0
		_ovt           		MEDIUMCONST    	0000	0000	0
		_two24         		MEDIUMCONST    	0000	0000	0
		_cp_l          		MEDIUMCONST    	0000	0000	0
		_dp_l          		MEDIUMCONST    	0000	0000	0
		_L1            		MEDIUMCONST    	0000	0000	0
		_L2            		MEDIUMCONST    	0000	0000	0
		_i2c_fsmStateTable		MEDIUMCONST    	FD55	0000	32
		_L3            		MEDIUMCONST    	0000	0000	0
		_P1            		MEDIUMCONST    	0000	0000	0
		_L4            		MEDIUMCONST    	0000	0000	0
		_P2            		MEDIUMCONST    	0000	0000	0

shared estimated size: 194

C:\Program Files\Microchip\xc8\v2.46\pic\sources\c99\common\putch.c
		_putch         		CODE           	3668	0000	2

C:\Program Files\Microchip\xc8\v2.46\pic\sources\c99\common\putch.c estimated size: 2

mcc_generated_files/mcc.c
		_OSCILLATOR_Initialize		CODE           	3632	0000	10
		_SYSTEM_Initialize		CODE           	35CC	0000	22

mcc_generated_files/mcc.c estimated size: 32

TIMER/timer0.c
		_ISR_TIMER0    		CODE           	360C	0000	14

TIMER/timer0.c estimated size: 14

C:\Program Files\Microchip\xc8\v2.46\pic\sources\c99\common\sprcadd.c
		___fladd       		CODE           	0AA6	0000	1216

C:\Program Files\Microchip\xc8\v2.46\pic\sources\c99\common\sprcadd.c estimated size: 1216

mcc_generated_files/i2c_master.c
		_I2C_Initialize		CODE           	35F8	0000	20

mcc_generated_files/i2c_master.c estimated size: 20

INTERRUPT/mcal_interrupt_manager.c
		_interrupt_low 		CODE           	0018	0000	62
		_interrupt_high		CODE           	0008	0000	42

INTERRUPT/mcal_interrupt_manager.c estimated size: 104

C:\Program Files\Microchip\xc8\v2.46\pic\sources\c99\common\abs.c
		_abs           		CODE           	3434	0000	52

C:\Program Files\Microchip\xc8\v2.46\pic\sources\c99\common\abs.c estimated size: 52

C:\Program Files\Microchip\xc8\v2.46\pic\sources\c99\common\awmod.c
		___awmod       		CODE           	2AE4	0000	176

C:\Program Files\Microchip\xc8\v2.46\pic\sources\c99\common\awmod.c estimated size: 176

mcc_generated_files/eusart.c
		_EUSART_Read   		CODE           	34F4	0000	42
		_EUSART_Initialize		CODE           	3346	0000	64
		_EUSART_SetFramingErrorHandler		CODE           	3646	0000	10
		_EUSART_SetErrorHandler		CODE           	3650	0000	10
		_EUSART_SetOverrunErrorHandler		CODE           	363C	0000	10

mcc_generated_files/eusart.c estimated size: 136

main.c
		_room_1        		CODE           	005A	0000	1330
		_main          		CODE           	1A82	0000	546
		_room_2        		CODE           	058C	0000	1306
		_home_page     		CODE           	1E8E	0000	454
		_check_password		CODE           	2208	0000	354
		_MSSP_I2C_Send_1_Byte		CODE           	2D56	0000	140
		_arr_compare   		CODE           	2ECE	0000	108
		_garage        		CODE           	172A	0000	856
		_fire_check    		CODE           	2894	0000	210

main.c estimated size: 5304

