Microchip MPLAB XC8 Compiler V2.46

Linker command line:

-W-3 \
  --edf=C:\Program Files\Microchip\xc8\v2.46\pic\dat\20240104201356_en.msgs \
  -cn -h+dist/default/production\NSM.X.production.sym \
  --cmf=dist/default/production\NSM.X.production.cmf -z -Q18F46K20 \
  -oC:\Users\MOHAME~1\AppData\Local\Temp\xcAshq8.\driver_tmp_3.o \
  --defsym=__MPLAB_BUILD=1 --fixupoverflow=error \
  -Mdist/default/production/NSM.X.production.map \
  --md=C:\Users\MOHAME~1\AppData\Local\Temp\xcAshq8.\driver_tmp_0.dat -E1 \
  -ver=XC8 Compiler --acfsm=1493 -ACODE=00h-0FFFFh -ACONST=00h-0FFFFh \
  -ASMALLCONST=01000h-010FFhx240 -AMEDIUMCONST=01000h-0FFFFh \
  -ACOMRAM=01h-05Fh -AABS1=00h-0F5Fh -ABIGRAM=01h-0F5Fh \
  -ARAM=060h-0FFh,0100h-01FFhx14,0F00h-0F5Fh -ABANK0=060h-0FFh \
  -ABANK1=0100h-01FFh -ABANK2=0200h-02FFh -ABANK3=0300h-03FFh \
  -ABANK4=0400h-04FFh -ABANK5=0500h-05FFh -ABANK6=0600h-06FFh \
  -ABANK7=0700h-07FFh -ABANK8=0800h-08FFh -ABANK9=0900h-09FFh \
  -ABANK10=0A00h-0AFFh -ABANK11=0B00h-0BFFh -ABANK12=0C00h-0CFFh \
  -ABANK13=0D00h-0DFFh -ABANK14=0E00h-0EFFh -ABANK15=0F00h-0F5Fh \
  -ASFR=0F60h-0FFFh -ABIGSFR=0F60h-0FFFh -ACONFIG=0300000h-030000Dh \
  -AIDLOC=0200000h-0200007h -AEEDATA=0F00000h-0F003FFh -peeprom_data=EEDATA \
  -preset_vec=00h,intcode=8h,intcodelo,powerup,init -pramtop=01000h \
  -psmallconst=SMALLCONST -pmediumconst=MEDIUMCONST -pconst=CONST \
  -AFARRAM=00h-00h \
  -prdata=COMRAM,nvrram=COMRAM,nvbit=COMRAM,rbss=COMRAM,rbit=COMRAM \
  -pfarbss=FARRAM,fardata=FARRAM,nvFARRAM=FARRAM \
  -pintsave_regs=BIGRAM,bigbss=BIGRAM,bigdata=BIGRAM -pbss=RAM \
  -pidata=CODE,irdata=CODE,ibigdata=CODE,ifardata=CODE -prparam=COMRAM \
  C:\Users\MOHAME~1\AppData\Local\Temp\xcAshq8.\driver_tmp_9.o \
  dist/default/production\NSM.X.production.o 

Object code version is 3.11

Machine type is 18F46K20



                Name                               Link     Load   Length Selector   Space Scale
C:\Users\MOHAME~1\AppData\Local\Temp\xcAshq8.\driver_tmp_9.o
                config                           300000   300000        E        0       4
                init                                 86       86        4        4       0
                reset_vec                             0        0        4        0       0
dist/default/production\NSM.X.production.o
                intcode                               8        8       7E        4       0
                config                           300000   300000        E        0       4
                temp                                 4C       4C        1        1       1
                smallconst                         1000     1000        2      800       0
                text40                             185E     185E        4      BA2       0
                text39                             1846     1846        8      BA2       0
                text38                             16CE     16CE       2E      801       0
                text37                             185A     185A        4      BA2       0
                text36                             179E     179E       14      BA2       0
                text35                             178A     178A       14      BA2       0
                text34                             1776     1776       14      BA2       0
                text33                             1762     1762       14      BA2       0
                text32                             183E     183E        8      BA2       0
                text31                             16A0     16A0       2E      801       0
                text30                             1856     1856        4      BA2       0
                text29                             1836     1836        8      BA2       0
                text28                             182E     182E        8      BA2       0
                text27                             1672     1672       2E      801       0
                text26                             1224     1224       FC      801       0
                text24                             1852     1852        4      BA2       0
                text23                             1744     1744       1E      BA2       0
                text22                             1824     1824        A      BA2       0
                text21                             181A     181A        A      BA2       0
                text20                             1810     1810        A      BA2       0
                text19                             1806     1806        A      BA2       0
                text18                             17FC     17FC        A      BA2       0
                text17                             17F2     17F2        A      BA2       0
                text16                             17E8     17E8        A      BA2       0
                text15                             17DE     17DE        A      BA2       0
                text14                             1550     1550       5E      801       0
                text13                             17C4     17C4       10      BA2       0
                text12                             184E     184E        4      BA2       0
                text11                             17D4     17D4        A      BA2       0
                text10                             1644     1644       2E      801       0
                text9                              17B2     17B2       12      BA2       0
                text8                              1002     1002      112      801       0
                text7                              14EA     14EA       66      801       0
                text6                              1114     1114      110      801       0
                text5                              1480     1480       6A      801       0
                text4                              1416     1416       6A      801       0
                text3                              16FC     16FC       26      801       0
                text2                              1616     1616       2E      801       0
                text1                              15E8     15E8       2E      801       0
                text0                              1320     1320       F6      801       0
                cstackCOMRAM                         3A       3A       12        1       1
                dataCOMRAM                            1        1       21        1       1
                bssCOMRAM                            22       22       18        1       1
                cinit                              15AE     15AE       3A      801       0
                idataCOMRAM                        1722     1722       21      801       0

TOTAL           Name                               Link     Load   Length     Space
        CLASS   CODE           
                intcode                               8        8       7E         0
                init                                 86       86        4         0
                reset_vec                             0        0        4         0
                text40                             185E     185E        4         0
                text39                             1846     1846        8         0
                text38                             16CE     16CE       2E         0
                text37                             185A     185A        4         0
                text36                             179E     179E       14         0
                text35                             178A     178A       14         0
                text34                             1776     1776       14         0
                text33                             1762     1762       14         0
                text32                             183E     183E        8         0
                text31                             16A0     16A0       2E         0
                text30                             1856     1856        4         0
                text29                             1836     1836        8         0
                text28                             182E     182E        8         0
                text27                             1672     1672       2E         0
                text26                             1224     1224       FC         0
                text24                             1852     1852        4         0
                text23                             1744     1744       1E         0
                text22                             1824     1824        A         0
                text21                             181A     181A        A         0
                text20                             1810     1810        A         0
                text19                             1806     1806        A         0
                text18                             17FC     17FC        A         0
                text17                             17F2     17F2        A         0
                text16                             17E8     17E8        A         0
                text15                             17DE     17DE        A         0
                text14                             1550     1550       5E         0
                text13                             17C4     17C4       10         0
                text12                             184E     184E        4         0
                text11                             17D4     17D4        A         0
                text10                             1644     1644       2E         0
                text9                              17B2     17B2       12         0
                text8                              1002     1002      112         0
                text7                              14EA     14EA       66         0
                text6                              1114     1114      110         0
                text5                              1480     1480       6A         0
                text4                              1416     1416       6A         0
                text3                              16FC     16FC       26         0
                text2                              1616     1616       2E         0
                text1                              15E8     15E8       2E         0
                text0                              1320     1320       F6         0
                cinit                              15AE     15AE       3A         0
                idataCOMRAM                        1722     1722       21         0

        CLASS   CONST          

        CLASS   SMALLCONST     
                smallconst                         1000     1000        2         0

        CLASS   MEDIUMCONST    

        CLASS   COMRAM         
                temp                                 4C       4C        1         1
                cstackCOMRAM                         3A       3A       12         1
                dataCOMRAM                            1        1       21         1
                bssCOMRAM                            22       22       18         1

        CLASS   ABS1           

        CLASS   BIGRAM         

        CLASS   RAM            

        CLASS   BANK0          

        CLASS   BANK1          

        CLASS   BANK2          

        CLASS   BANK3          

        CLASS   BANK4          

        CLASS   BANK5          

        CLASS   BANK6          

        CLASS   BANK7          

        CLASS   BANK8          

        CLASS   BANK9          

        CLASS   BANK10         

        CLASS   BANK11         

        CLASS   BANK12         

        CLASS   BANK13         

        CLASS   BANK14         

        CLASS   BANK15         

        CLASS   SFR            

        CLASS   BIGSFR         

        CLASS   CONFIG         
                config                           300000   300000        E         4

        CLASS   IDLOC          

        CLASS   EEDATA         

        CLASS   FARRAM         

        CLASS   HEAP           

        CLASS   STACK          



SEGMENTS        Name                           Load    Length   Top    Selector   Space  Class

                reset_vec                      000000  000004  000004         0       0  CODE    
                dataCOMRAM                     000001  00004C  00004D         1       1  COMRAM  
                intcode                        000008  000082  00008A         4       0  CODE    
                smallconst                     001000  000002  001002       800       0  SMALLCON
                text8                          001002  000741  001743       801       0  CODE    
                text23                         001744  00011E  001862       BA2       0  CODE    


UNUSED ADDRESS RANGES

        Name                Unused          Largest block    Delta
        BANK0            000060-0000FF               A0
        BANK1            000100-0001FF              100
        BANK10           000A00-000AFF              100
        BANK11           000B00-000BFF              100
        BANK12           000C00-000CFF              100
        BANK13           000D00-000DFF              100
        BANK14           000E00-000EFF              100
        BANK15           000F00-000F5F               60
        BANK2            000200-0002FF              100
        BANK3            000300-0003FF              100
        BANK4            000400-0004FF              100
        BANK5            000500-0005FF              100
        BANK6            000600-0006FF              100
        BANK7            000700-0007FF              100
        BANK8            000800-0008FF              100
        BANK9            000900-0009FF              100
        BIGRAM           00004D-000F5F              F13
        BIGSFR           000F60-000FFF               A0
        CODE             000004-000007                4
                         00008A-000FFF              F76
                         001743-001743                1
                         001862-00FFFF             E79E
        COMRAM           00004D-00005F               13
        CONST            000004-000007                4
                         00008A-000FFF              F76
                         001743-001743                1
                         001862-00FFFF             E79E
        EEDATA           F00000-F003FF              400
        IDLOC            200000-200007                8
        MEDIUMCONST      001743-001743                1
                         001862-00FFFF             E79E
        RAM              000060-000F5F              100
        SFR              000F60-000FFF               A0
        SMALLCONST       001743-001743                1
                         001862-00FFFF              100

                                  Symbol Table

I2C_SlaveSendTxData@data                     cstackCOMRAM 00003A
I2C_SlaveSetAddrIntHandler@handler           cstackCOMRAM 00003F
I2C_SlaveSetBusColIntHandler@handler         cstackCOMRAM 00003F
I2C_SlaveSetIsrHandler@handler               cstackCOMRAM 00003F
I2C_SlaveSetReadIntHandler@handler           cstackCOMRAM 00003F
I2C_SlaveSetSlaveAddr@slaveAddr              cstackCOMRAM 00003F
I2C_SlaveSetSlaveMask@maskAddr               cstackCOMRAM 00003F
I2C_SlaveSetWrColIntHandler@handler          cstackCOMRAM 00003F
I2C_SlaveSetWriteIntHandler@handler          cstackCOMRAM 00003F
_ANSEL                                       (abs)        000F7E
_ANSELH                                      (abs)        000F7F
_I2C_Initialize                              text13       0017C4
_I2C_Isr                                     text26       001224
_I2C_Open                                    text14       001550
_I2C_SlaveAddrCallBack                       text38       0016CE
_I2C_SlaveAddrInterruptHandler               bssCOMRAM    000026
_I2C_SlaveBusColInterruptHandler             bssCOMRAM    000024
_I2C_SlaveClearIrq                           text37       00185A
_I2C_SlaveDefAddrInterruptHandler            text39       001846
_I2C_SlaveDefBusColInterruptHandler          (abs)        000000
_I2C_SlaveDefRdInterruptHandler              text32       00183E
_I2C_SlaveDefWrColInterruptHandler           (abs)        000000
_I2C_SlaveDefWrInterruptHandler              text28       00182E
_I2C_SlaveEnableIrq                          text24       001852
_I2C_SlaveGetRxData                          text40       00185E
_I2C_SlaveIsAddr                             text36       00179E
_I2C_SlaveIsRead                             text35       00178A
_I2C_SlaveIsRxBufFull                        text34       001776
_I2C_SlaveIsTxBufEmpty                       text33       001762
_I2C_SlaveOpen                               text23       001744
_I2C_SlaveRdCallBack                         text31       0016A0
_I2C_SlaveRdInterruptHandler                 bssCOMRAM    00002A
_I2C_SlaveReleaseClock                       text30       001856
_I2C_SlaveSendTxData                         text29       001836
_I2C_SlaveSetAddrIntHandler                  text22       001824
_I2C_SlaveSetBusColIntHandler                text21       00181A
_I2C_SlaveSetIsrHandler                      text20       001810
_I2C_SlaveSetReadIntHandler                  text19       001806
_I2C_SlaveSetSlaveAddr                       text18       0017FC
_I2C_SlaveSetSlaveMask                       text17       0017F2
_I2C_SlaveSetWrColIntHandler                 text16       0017E8
_I2C_SlaveSetWriteIntHandler                 text15       0017DE
_I2C_SlaveWrCallBack                         text27       001672
_I2C_SlaveWrColInterruptHandler              bssCOMRAM    000022
_I2C_SlaveWrInterruptHandler                 bssCOMRAM    000028
_INTCON2bits                                 (abs)        000FF1
_INTCONbits                                  (abs)        000FF2
_INTERRUPT_Initialize                        text12       00184E
_INTERRUPT_InterruptManager                  intcode      000008
_LATA                                        (abs)        000F89
_LATB                                        (abs)        000F8A
_LATC                                        (abs)        000F8B
_LATD                                        (abs)        000F8C
_LATE                                        (abs)        000F8D
_MSSP_InterruptHandler                       bssCOMRAM    00002C
_OSCCON                                      (abs)        000FD3
_OSCILLATOR_Initialize                       text11       0017D4
_OSCTUNE                                     (abs)        000F9B
_PIE1bits                                    (abs)        000F9D
_PIE2bits                                    (abs)        000FA0
_PIN_MANAGER_Initialize                      text10       001644
_PIR1bits                                    (abs)        000F9E
_PIR2bits                                    (abs)        000FA1
_PORTA                                       (abs)        000F80
_PORTB                                       (abs)        000F81
_PORTC                                       (abs)        000F82
_PORTD                                       (abs)        000F83
_PORTE                                       (abs)        000F84
_RCONbits                                    (abs)        000FD0
_SSPADD                                      (abs)        000FC8
_SSPBUF                                      (abs)        000FC9
_SSPCON1                                     (abs)        000FC6
_SSPCON1bits                                 (abs)        000FC6
_SSPCON2                                     (abs)        000FC5
_SSPCON2bits                                 (abs)        000FC5
_SSPMSK                                      (abs)        000F77
_SSPSTAT                                     (abs)        000FC7
_SSPSTATbits                                 (abs)        000FC7
_SYSTEM_Initialize                           text9        0017B2
_TRISA                                       (abs)        000F92
_TRISB                                       (abs)        000F93
_TRISC                                       (abs)        000F94
_TRISD                                       (abs)        000F95
_TRISE                                       (abs)        000F96
_WPUB                                        (abs)        000F7C
__HRAM                                       (abs)        000000
__H__absolute__                              __absolute__ 000000
__Habs1                                      abs1         000000
__Hbank0                                     bank0        000000
__Hbank1                                     bank1        000000
__Hbank10                                    bank10       000000
__Hbank11                                    bank11       000000
__Hbank12                                    bank12       000000
__Hbank13                                    bank13       000000
__Hbank14                                    bank14       000000
__Hbank15                                    bank15       000000
__Hbank2                                     bank2        000000
__Hbank3                                     bank3        000000
__Hbank4                                     bank4        000000
__Hbank5                                     bank5        000000
__Hbank6                                     bank6        000000
__Hbank7                                     bank7        000000
__Hbank8                                     bank8        000000
__Hbank9                                     bank9        000000
__Hbigbss                                    bigbss       000000
__Hbigdata                                   bigdata      000000
__Hbigram                                    bigram       000000
__Hbigsfr                                    bigsfr       000000
__Hbss                                       bss          000000
__HbssCOMRAM                                 bssCOMRAM    000000
__Hcinit                                     cinit        000000
__Hclrtext                                   clrtext      000000
__Hcomram                                    comram       000000
__Hconfig                                    config       30000E
__Hconst                                     const        000000
__HcstackCOMRAM                              cstackCOMRAM 000000
__Hdata                                      data         000000
__HdataCOMRAM                                dataCOMRAM   000000
__Heeprom_data                               eeprom_data  000000
__Hfarbss                                    farbss       000000
__Hfardata                                   fardata      000000
__Hheap                                      heap         000000
__Hibigdata                                  ibigdata     000000
__Hidata                                     idata        000000
__HidataCOMRAM                               idataCOMRAM  000000
__Hidloc                                     idloc        000000
__Hifardata                                  ifardata     000000
__Hinit                                      init         00008A
__Hintcode                                   intcode      000086
__Hintcode_body                              intcode_body 000000
__Hintcodelo                                 intcodelo    000086
__Hintentry                                  intentry     000000
__Hintret                                    intret       000000
__Hintsave_regs                              intsave_regs 000000
__Hirdata                                    irdata       000000
__Hmediumconst                               mediumconst  000000
__HnvFARRAM                                  nvFARRAM     000000
__Hnvbit                                     nvbit        000000
__Hnvrram                                    nvrram       000000
__Hparam                                     rparam       000000
__Hpowerup                                   powerup      000086
__Hram                                       ram          000000
__Hramtop                                    ramtop       001000
__Hrbit                                      rbit         000000
__Hrbss                                      rbss         000000
__Hrdata                                     rdata        000000
__Hreset_vec                                 reset_vec    000004
__Hrparam                                    rparam       000000
__Hsfr                                       sfr          000000
__Hsivt_hi                                   sivt_hi      000000
__Hsivt_lo                                   sivt_lo      000000
__Hsmallconst                                smallconst   001002
__Hspace_0                                   (abs)        001862
__Hspace_1                                   (abs)        00004D
__Hspace_2                                   (abs)        000000
__Hspace_4                                   (abs)        60000E
__Hstack                                     stack        000000
__Hstruct                                    struct       000000
__Htemp                                      temp         00004D
__Htext                                      text         000000
__Htext0                                     text0        000000
__Htext1                                     text1        000000
__Htext10                                    text10       000000
__Htext11                                    text11       000000
__Htext12                                    text12       000000
__Htext13                                    text13       000000
__Htext14                                    text14       000000
__Htext15                                    text15       000000
__Htext16                                    text16       000000
__Htext17                                    text17       000000
__Htext18                                    text18       000000
__Htext19                                    text19       000000
__Htext2                                     text2        000000
__Htext20                                    text20       000000
__Htext21                                    text21       000000
__Htext22                                    text22       000000
__Htext23                                    text23       000000
__Htext24                                    text24       000000
__Htext26                                    text26       000000
__Htext27                                    text27       000000
__Htext28                                    text28       000000
__Htext29                                    text29       000000
__Htext3                                     text3        000000
__Htext30                                    text30       000000
__Htext31                                    text31       000000
__Htext32                                    text32       000000
__Htext33                                    text33       000000
__Htext34                                    text34       000000
__Htext35                                    text35       000000
__Htext36                                    text36       000000
__Htext37                                    text37       000000
__Htext38                                    text38       000000
__Htext39                                    text39       000000
__Htext4                                     text4        000000
__Htext40                                    text40       000000
__Htext5                                     text5        000000
__Htext6                                     text6        000000
__Htext7                                     text7        000000
__Htext8                                     text8        000000
__Htext9                                     text9        000000
__LRAM                                       (abs)        000001
__L__absolute__                              __absolute__ 000000
__Labs1                                      abs1         000000
__Lbank0                                     bank0        000000
__Lbank1                                     bank1        000000
__Lbank10                                    bank10       000000
__Lbank11                                    bank11       000000
__Lbank12                                    bank12       000000
__Lbank13                                    bank13       000000
__Lbank14                                    bank14       000000
__Lbank15                                    bank15       000000
__Lbank2                                     bank2        000000
__Lbank3                                     bank3        000000
__Lbank4                                     bank4        000000
__Lbank5                                     bank5        000000
__Lbank6                                     bank6        000000
__Lbank7                                     bank7        000000
__Lbank8                                     bank8        000000
__Lbank9                                     bank9        000000
__Lbigbss                                    bigbss       000000
__Lbigdata                                   bigdata      000000
__Lbigram                                    bigram       000000
__Lbigsfr                                    bigsfr       000000
__Lbss                                       bss          000000
__LbssCOMRAM                                 bssCOMRAM    000000
__Lcinit                                     cinit        000000
__Lclrtext                                   clrtext      000000
__Lcomram                                    comram       000000
__Lconfig                                    config       000000
__Lconst                                     const        000000
__LcstackCOMRAM                              cstackCOMRAM 000000
__Ldata                                      data         000000
__LdataCOMRAM                                dataCOMRAM   000000
__Leeprom_data                               eeprom_data  000000
__Lfarbss                                    farbss       000000
__Lfardata                                   fardata      000000
__Lheap                                      heap         000000
__Libigdata                                  ibigdata     000000
__Lidata                                     idata        000000
__LidataCOMRAM                               idataCOMRAM  000000
__Lidloc                                     idloc        000000
__Lifardata                                  ifardata     000000
__Linit                                      init         000086
__Lintcode                                   intcode      000008
__Lintcode_body                              intcode_body 000000
__Lintcodelo                                 intcodelo    000086
__Lintentry                                  intentry     000000
__Lintret                                    intret       000000
__Lintsave_regs                              intsave_regs 000000
__Lirdata                                    irdata       000000
__Lmediumconst                               mediumconst  000000
__LnvFARRAM                                  nvFARRAM     000000
__Lnvbit                                     nvbit        000000
__Lnvrram                                    nvrram       000000
__Lparam                                     rparam       000000
__Lpowerup                                   powerup      000086
__Lram                                       ram          000000
__Lramtop                                    ramtop       001000
__Lrbit                                      rbit         000000
__Lrbss                                      rbss         000000
__Lrdata                                     rdata        000000
__Lreset_vec                                 reset_vec    000000
__Lrparam                                    rparam       000000
__Lsfr                                       sfr          000000
__Lsivt_hi                                   sivt_hi      000000
__Lsivt_lo                                   sivt_lo      000000
__Lsmallconst                                smallconst   001000
__Lspace_0                                   (abs)        000000
__Lspace_1                                   (abs)        000000
__Lspace_2                                   (abs)        000000
__Lspace_4                                   (abs)        000000
__Lstack                                     stack        000000
__Lstruct                                    struct       000000
__Ltemp                                      temp         00004C
__Ltext                                      text         000000
__Ltext0                                     text0        000000
__Ltext1                                     text1        000000
__Ltext10                                    text10       000000
__Ltext11                                    text11       000000
__Ltext12                                    text12       000000
__Ltext13                                    text13       000000
__Ltext14                                    text14       000000
__Ltext15                                    text15       000000
__Ltext16                                    text16       000000
__Ltext17                                    text17       000000
__Ltext18                                    text18       000000
__Ltext19                                    text19       000000
__Ltext2                                     text2        000000
__Ltext20                                    text20       000000
__Ltext21                                    text21       000000
__Ltext22                                    text22       000000
__Ltext23                                    text23       000000
__Ltext24                                    text24       000000
__Ltext26                                    text26       000000
__Ltext27                                    text27       000000
__Ltext28                                    text28       000000
__Ltext29                                    text29       000000
__Ltext3                                     text3        000000
__Ltext30                                    text30       000000
__Ltext31                                    text31       000000
__Ltext32                                    text32       000000
__Ltext33                                    text33       000000
__Ltext34                                    text34       000000
__Ltext35                                    text35       000000
__Ltext36                                    text36       000000
__Ltext37                                    text37       000000
__Ltext38                                    text38       000000
__Ltext39                                    text39       000000
__Ltext4                                     text4        000000
__Ltext40                                    text40       000000
__Ltext5                                     text5        000000
__Ltext6                                     text6        000000
__Ltext7                                     text7        000000
__Ltext8                                     text8        000000
__Ltext9                                     text9        000000
__S0                                         (abs)        001862
__S1                                         (abs)        00004D
__S4                                         (abs)        000000
__S5                                         (abs)        000000
___heap_hi                                   (abs)        000000
___heap_lo                                   (abs)        000000
___inthi_sp                                  stack        000000
___inthi_stack_hi                            stack        000000
___inthi_stack_lo                            stack        000000
___intlo_sp                                  stack        000000
___intlo_stack_hi                            stack        000000
___intlo_stack_lo                            stack        000000
___param_bank                                (abs)        000000
___rparam_used                               (abs)        000001
___sp                                        stack        000000
___stack_hi                                  stack        000000
___stack_lo                                  stack        000000
__accesstop                                  (abs)        000060
__activetblptr                               (abs)        000002
__end_of_I2C_Initialize                      text13       0017D4
__end_of_I2C_Isr                             text26       001320
__end_of_I2C_Open                            text14       0015AE
__end_of_I2C_SlaveAddrCallBack               text38       0016FC
__end_of_I2C_SlaveClearIrq                   text37       00185E
__end_of_I2C_SlaveDefAddrInterruptHandler    text39       00184E
__end_of_I2C_SlaveDefRdInterruptHandler      text32       001846
__end_of_I2C_SlaveDefWrInterruptHandler      text28       001836
__end_of_I2C_SlaveEnableIrq                  text24       001856
__end_of_I2C_SlaveGetRxData                  text40       001862
__end_of_I2C_SlaveIsAddr                     text36       0017B2
__end_of_I2C_SlaveIsRead                     text35       00179E
__end_of_I2C_SlaveIsRxBufFull                text34       00178A
__end_of_I2C_SlaveIsTxBufEmpty               text33       001776
__end_of_I2C_SlaveOpen                       text23       001762
__end_of_I2C_SlaveRdCallBack                 text31       0016CE
__end_of_I2C_SlaveReleaseClock               text30       00185A
__end_of_I2C_SlaveSendTxData                 text29       00183E
__end_of_I2C_SlaveSetAddrIntHandler          text22       00182E
__end_of_I2C_SlaveSetBusColIntHandler        text21       001824
__end_of_I2C_SlaveSetIsrHandler              text20       00181A
__end_of_I2C_SlaveSetReadIntHandler          text19       001810
__end_of_I2C_SlaveSetSlaveAddr               text18       001806
__end_of_I2C_SlaveSetSlaveMask               text17       0017FC
__end_of_I2C_SlaveSetWrColIntHandler         text16       0017F2
__end_of_I2C_SlaveSetWriteIntHandler         text15       0017E8
__end_of_I2C_SlaveWrCallBack                 text27       0016A0
__end_of_INTERRUPT_Initialize                text12       001852
__end_of_INTERRUPT_InterruptManager          intcode      000086
__end_of_OSCILLATOR_Initialize               text11       0017DE
__end_of_PIN_MANAGER_Initialize              text10       001672
__end_of_SYSTEM_Initialize                   text9        0017C4
__end_of__initialization                     cinit        0015DA
__end_of_ecu_led_initialization              text7        001550
__end_of_ecu_led_off                         text5        0014EA
__end_of_ecu_led_on                          text4        001480
__end_of_ecu_motor_initialization            text3        001722
__end_of_ecu_motor_move_right                text2        001644
__end_of_ecu_motor_stop                      text1        001616
__end_of_gpio_pin_direction_intialization    text8        001114
__end_of_gpio_pin_write_logic                text6        001224
__end_of_main                                text0        001416
__initialization                             cinit        0015AE
__mediumconst                                mediumconst  000000
__pbssCOMRAM                                 bssCOMRAM    000022
__pcinit                                     cinit        0015AE
__pcstackCOMRAM                              cstackCOMRAM 00003A
__pdataCOMRAM                                dataCOMRAM   000001
__pidataCOMRAM                               idataCOMRAM  001722
__pintcode                                   intcode      000008
__psmallconst                                smallconst   001000
__ptext0                                     text0        001320
__ptext1                                     text1        0015E8
__ptext10                                    text10       001644
__ptext11                                    text11       0017D4
__ptext12                                    text12       00184E
__ptext13                                    text13       0017C4
__ptext14                                    text14       001550
__ptext15                                    text15       0017DE
__ptext16                                    text16       0017E8
__ptext17                                    text17       0017F2
__ptext18                                    text18       0017FC
__ptext19                                    text19       001806
__ptext2                                     text2        001616
__ptext20                                    text20       001810
__ptext21                                    text21       00181A
__ptext22                                    text22       001824
__ptext23                                    text23       001744
__ptext24                                    text24       001852
__ptext26                                    text26       001224
__ptext27                                    text27       001672
__ptext28                                    text28       00182E
__ptext29                                    text29       001836
__ptext3                                     text3        0016FC
__ptext30                                    text30       001856
__ptext31                                    text31       0016A0
__ptext32                                    text32       00183E
__ptext33                                    text33       001762
__ptext34                                    text34       001776
__ptext35                                    text35       00178A
__ptext36                                    text36       00179E
__ptext37                                    text37       00185A
__ptext38                                    text38       0016CE
__ptext39                                    text39       001846
__ptext4                                     text4        001416
__ptext40                                    text40       00185E
__ptext5                                     text5        001480
__ptext6                                     text6        001114
__ptext7                                     text7        0014EA
__ptext8                                     text8        001002
__ptext9                                     text9        0017B2
__ramtop                                     ramtop       001000
__smallconst                                 smallconst   001000
_ecu_led_initialization                      text7        0014EA
_ecu_led_off                                 text5        001480
_ecu_led_on                                  text4        001416
_ecu_motor_initialization                    text3        0016FC
_ecu_motor_move_right                        text2        001616
_ecu_motor_stop                              text1        0015E8
_ggggg                                       bssCOMRAM    00002E
_gpio_pin_direction_intialization            text8        001002
_gpio_pin_write_logic                        text6        001114
_i2cRdData                                   bssCOMRAM    000032
_i2cSlaveAddr                                bssCOMRAM    000031
_i2cSlaveState                               bssCOMRAM    000030
_i2cWrData                                   bssCOMRAM    000033
_lat_reg                                     dataCOMRAM   00000B
_led                                         dataCOMRAM   000021
_main                                        text0        001320
_mmmm                                        bssCOMRAM    00002F
_motor                                       dataCOMRAM   00001F
_port_reg                                    dataCOMRAM   000001
_tris_reg                                    dataCOMRAM   000015
btemp                                        temp         00004C
ecu_led_initialization@F3734                 bssCOMRAM    000037
ecu_led_initialization@led                   cstackCOMRAM 000046
ecu_led_initialization@mid_term              cstackCOMRAM 000048
ecu_led_off@F3744                            bssCOMRAM    000035
ecu_led_off@led                              cstackCOMRAM 000047
ecu_led_off@mid_term                         cstackCOMRAM 000049
ecu_led_on@F3739                             bssCOMRAM    000036
ecu_led_on@led                               cstackCOMRAM 000047
ecu_led_on@mid_term                          cstackCOMRAM 000049
ecu_led_toggle@F3749                         bssCOMRAM    000034
ecu_motor_initialization@my_motor            cstackCOMRAM 000046
ecu_motor_move_right@my_motor                cstackCOMRAM 000047
ecu_motor_stop@my_motor                      cstackCOMRAM 000047
end_of_initialization                        cinit        0015DA
gpio_pin_direction_intialization@_pin_config cstackCOMRAM 00003F
gpio_pin_direction_intialization@ret         cstackCOMRAM 000045
gpio_pin_write_logic@_pin_config             cstackCOMRAM 00003F
gpio_pin_write_logic@logic                   cstackCOMRAM 000040
gpio_pin_write_logic@ret                     cstackCOMRAM 000046
int$flags                                    temp         00004C
intlevel0                                    text         000000
intlevel1                                    text         000000
intlevel2                                    text         000000
intlevel3                                    text         000000
isa$std                                      (abs)        000001
isa$xinst                                    (abs)        000000
stackhi                                      (abs)        000000
stacklo                                      (abs)        000000
start                                        init         000086
start_initialization                         cinit        0015AE
ttemp5                                       temp         00004D
ttemp6                                       temp         000050
ttemp7                                       temp         000054
wtemp8                                       temp         00004D


MODULE INFORMATION

Module		Function		Class		Link	Load	Size
LED/ecu_led.c
		_ecu_led_initialization		CODE           	14EA	0000	102
		_ecu_led_on    		CODE           	1416	0000	106
		_ecu_led_off   		CODE           	1480	0000	106

LED/ecu_led.c estimated size: 314

mcc_generated_files/i2c_slave.c
		_I2C_SlaveDefRdInterruptHandler		CODE           	183E	0000	8
		_I2C_SlaveDefWrInterruptHandler		CODE           	182E	0000	8
		_I2C_SlaveSetWrColIntHandler		CODE           	17E8	0000	10
		_I2C_SlaveSetWriteIntHandler		CODE           	17DE	0000	10
		_I2C_SlaveOpen 		CODE           	1744	0000	30
		_I2C_SlaveSetSlaveAddr		CODE           	17FC	0000	10
		_I2C_SlaveIsRxBufFull		CODE           	1776	0000	20
		_I2C_SlaveClearIrq		CODE           	185A	0000	4
		_I2C_SlaveGetRxData		CODE           	185E	0000	4
		_I2C_SlaveSetSlaveMask		CODE           	17F2	0000	10
		_I2C_Isr       		CODE           	1224	0000	252
		_I2C_SlaveDefAddrInterruptHandler		CODE           	1846	0000	8
		_I2C_Open      		CODE           	1550	0000	94
		_I2C_SlaveIsRead		CODE           	178A	0000	20
		_I2C_SlaveSetIsrHandler		CODE           	1810	0000	10
		_I2C_SlaveIsAddr		CODE           	179E	0000	20
		_I2C_SlaveSetBusColIntHandler		CODE           	181A	0000	10
		_I2C_SlaveEnableIrq		CODE           	1852	0000	4
		_I2C_SlaveSendTxData		CODE           	1836	0000	8
		_I2C_SlaveRdCallBack		CODE           	16A0	0000	46
		_I2C_SlaveWrCallBack		CODE           	1672	0000	46
		_I2C_SlaveSetReadIntHandler		CODE           	1806	0000	10
		_I2C_SlaveAddrCallBack		CODE           	16CE	0000	46
		_I2C_Initialize		CODE           	17C4	0000	16
		_I2C_SlaveIsTxBufEmpty		CODE           	1762	0000	20
		_I2C_SlaveSetAddrIntHandler		CODE           	1824	0000	10
		_I2C_SlaveReleaseClock		CODE           	1856	0000	4

mcc_generated_files/i2c_slave.c estimated size: 738

mcc_generated_files/interrupt_manager.c
		_INTERRUPT_Initialize		CODE           	184E	0000	4
		_INTERRUPT_InterruptManager		CODE           	0008	0000	126

mcc_generated_files/interrupt_manager.c estimated size: 130

mcc_generated_files/pin_manager.c
		_PIN_MANAGER_Initialize		CODE           	1644	0000	46

mcc_generated_files/pin_manager.c estimated size: 46

GPIO_MODULES/hal_GPIO.c
		_gpio_pin_write_logic		CODE           	1114	0000	272
		_gpio_pin_direction_intialization		CODE           	1002	0000	274

GPIO_MODULES/hal_GPIO.c estimated size: 546

DC_MOTOR/ecu_dc_motor.c
		_ecu_motor_move_right		CODE           	1616	0000	46
		_ecu_motor_stop		CODE           	15E8	0000	46
		_ecu_motor_initialization		CODE           	16FC	0000	38

DC_MOTOR/ecu_dc_motor.c estimated size: 130

shared
		__initialization		CODE           	15AE	0000	44

shared estimated size: 44

mcc_generated_files/mcc.c
		_OSCILLATOR_Initialize		CODE           	17D4	0000	10
		_SYSTEM_Initialize		CODE           	17B2	0000	18

mcc_generated_files/mcc.c estimated size: 28

main.c
		_main          		CODE           	1320	0000	246

main.c estimated size: 246

